Component: ARM Compiler 6.14 Tool: armlink [5db06800]

==============================================================================

Section Cross References

    main.o(.text.main) refers to systick.o(.text.systick_config) for systick_config
    main.o(.text.main) refers to gd32e23x_rcu.o(.text.rcu_periph_clock_enable) for rcu_periph_clock_enable
    main.o(.text.main) refers to gd32e23x_gpio.o(.text.gpio_mode_set) for gpio_mode_set
    main.o(.text.main) refers to gd32e23x_gpio.o(.text.gpio_output_options_set) for gpio_output_options_set
    main.o(.text.main) refers to gd32e23x_gpio.o(.text.gpio_bit_reset) for gpio_bit_reset
    main.o(.text.main) refers to user_main.o(.text.func_user_main) for func_user_main
    main.o(.ARM.exidx.text.main) refers to main.o(.text.main) for [Anonymous Symbol]
    gd32e23x_it.o(.ARM.exidx.text.NMI_Handler) refers to gd32e23x_it.o(.text.NMI_Handler) for [Anonymous Symbol]
    gd32e23x_it.o(.text.HardFault_Handler) refers to user_internalflash.o(.text.StoreExceptions2Flash) for StoreExceptions2Flash
    gd32e23x_it.o(.text.HardFault_Handler) refers to gd32e23x_it.o(.text.__NVIC_SystemReset) for __NVIC_SystemReset
    gd32e23x_it.o(.ARM.exidx.text.HardFault_Handler) refers to gd32e23x_it.o(.text.HardFault_Handler) for [Anonymous Symbol]
    gd32e23x_it.o(.ARM.exidx.text.__NVIC_SystemReset) refers to gd32e23x_it.o(.text.__NVIC_SystemReset) for [Anonymous Symbol]
    gd32e23x_it.o(.text.MemManage_Handler) refers to user_internalflash.o(.text.StoreExceptions2Flash) for StoreExceptions2Flash
    gd32e23x_it.o(.text.MemManage_Handler) refers to gd32e23x_it.o(.text.__NVIC_SystemReset) for __NVIC_SystemReset
    gd32e23x_it.o(.ARM.exidx.text.MemManage_Handler) refers to gd32e23x_it.o(.text.MemManage_Handler) for [Anonymous Symbol]
    gd32e23x_it.o(.text.BusFault_Handler) refers to user_internalflash.o(.text.StoreExceptions2Flash) for StoreExceptions2Flash
    gd32e23x_it.o(.text.BusFault_Handler) refers to gd32e23x_it.o(.text.__NVIC_SystemReset) for __NVIC_SystemReset
    gd32e23x_it.o(.ARM.exidx.text.BusFault_Handler) refers to gd32e23x_it.o(.text.BusFault_Handler) for [Anonymous Symbol]
    gd32e23x_it.o(.text.UsageFault_Handler) refers to gd32e23x_it.o(.text.__NVIC_SystemReset) for __NVIC_SystemReset
    gd32e23x_it.o(.ARM.exidx.text.UsageFault_Handler) refers to gd32e23x_it.o(.text.UsageFault_Handler) for [Anonymous Symbol]
    gd32e23x_it.o(.ARM.exidx.text.SVC_Handler) refers to gd32e23x_it.o(.text.SVC_Handler) for [Anonymous Symbol]
    gd32e23x_it.o(.ARM.exidx.text.DebugMon_Handler) refers to gd32e23x_it.o(.text.DebugMon_Handler) for [Anonymous Symbol]
    gd32e23x_it.o(.ARM.exidx.text.PendSV_Handler) refers to gd32e23x_it.o(.text.PendSV_Handler) for [Anonymous Symbol]
    gd32e23x_it.o(.text.SysTick_Handler) refers to systick.o(.text.sysTickCallback) for sysTickCallback
    gd32e23x_it.o(.ARM.exidx.text.SysTick_Handler) refers to gd32e23x_it.o(.text.SysTick_Handler) for [Anonymous Symbol]
    gd32e23x_it.o(.text.EXTI0_1_IRQHandler) refers to user_menu.o(.text.wakeupPreProcess) for wakeupPreProcess
    gd32e23x_it.o(.text.EXTI0_1_IRQHandler) refers to gd32e23x_exti.o(.text.exti_interrupt_flag_get) for exti_interrupt_flag_get
    gd32e23x_it.o(.text.EXTI0_1_IRQHandler) refers to gd32e23x_exti.o(.text.exti_interrupt_flag_clear) for exti_interrupt_flag_clear
    gd32e23x_it.o(.text.EXTI0_1_IRQHandler) refers to user_key.o(.text.setSwitchKeyPressedFlag) for setSwitchKeyPressedFlag
    gd32e23x_it.o(.ARM.exidx.text.EXTI0_1_IRQHandler) refers to gd32e23x_it.o(.text.EXTI0_1_IRQHandler) for [Anonymous Symbol]
    gd32e23x_it.o(.text.EXTI2_3_IRQHandler) refers to user_menu.o(.text.wakeupPreProcess) for wakeupPreProcess
    gd32e23x_it.o(.ARM.exidx.text.EXTI2_3_IRQHandler) refers to gd32e23x_it.o(.text.EXTI2_3_IRQHandler) for [Anonymous Symbol]
    gd32e23x_it.o(.text.EXTI4_15_IRQHandler) refers to user_menu.o(.text.wakeupPreProcess) for wakeupPreProcess
    gd32e23x_it.o(.text.EXTI4_15_IRQHandler) refers to gd32e23x_exti.o(.text.exti_interrupt_flag_get) for exti_interrupt_flag_get
    gd32e23x_it.o(.text.EXTI4_15_IRQHandler) refers to gd32e23x_exti.o(.text.exti_interrupt_flag_clear) for exti_interrupt_flag_clear
    gd32e23x_it.o(.text.EXTI4_15_IRQHandler) refers to user_key.o(.text.setPowerKeyPressedFlag) for setPowerKeyPressedFlag
    gd32e23x_it.o(.ARM.exidx.text.EXTI4_15_IRQHandler) refers to gd32e23x_it.o(.text.EXTI4_15_IRQHandler) for [Anonymous Symbol]
    gd32e23x_it.o(.ARM.exidx.text.DMA0_IRQ_CallBack) refers to gd32e23x_it.o(.text.DMA0_IRQ_CallBack) for [Anonymous Symbol]
    gd32e23x_it.o(.text.DMA_Channel0_IRQHandler) refers to gd32e23x_dma.o(.text.dma_interrupt_flag_get) for dma_interrupt_flag_get
    gd32e23x_it.o(.text.DMA_Channel0_IRQHandler) refers to gd32e23x_dma.o(.text.dma_interrupt_flag_clear) for dma_interrupt_flag_clear
    gd32e23x_it.o(.text.DMA_Channel0_IRQHandler) refers to user_adc.o(.text.DMA0_IRQ_CallBack) for DMA0_IRQ_CallBack
[...]
    __arm_cp.6_0                             0x08001a78   Number         4  user_key.o(.text.funcKeyTask)
    __arm_cp.6_1                             0x08001a7c   Number         4  user_key.o(.text.funcKeyTask)
    [Anonymous Symbol]                       0x08001a80   Section        0  user_main.o(.text.func_user_main)
    __arm_cp.3_0                             0x08001b10   Number         4  user_main.o(.text.func_user_main)
    __arm_cp.3_2                             0x08001b14   Number         4  user_main.o(.text.func_user_main)
    __arm_cp.3_3                             0x08001b18   Number         4  user_main.o(.text.func_user_main)
    [Anonymous Symbol]                       0x08001b1c   Section        0  user_adc.o(.text.getAdResultVolt)
    __arm_cp.7_0                             0x08001b78   Number         4  user_adc.o(.text.getAdResultVolt)
    __arm_cp.7_1                             0x08001b7c   Number         4  user_adc.o(.text.getAdResultVolt)
    __arm_cp.7_2                             0x08001b80   Number         4  user_adc.o(.text.getAdResultVolt)
    __arm_cp.7_3                             0x08001b84   Number         4  user_adc.o(.text.getAdResultVolt)
    [Anonymous Symbol]                       0x08001b88   Section        0  gd32e230c_lcd_eval.o(.text.getNumLen)
    [Anonymous Symbol]                       0x08001bbc   Section        0  user_main.o(.text.getPortConfigRegisters)
    __arm_cp.0_0                             0x08001c50   Number         4  user_main.o(.text.getPortConfigRegisters)
    __arm_cp.0_1                             0x08001c54   Number         4  user_main.o(.text.getPortConfigRegisters)
    __arm_cp.0_3                             0x08001c58   Number         4  user_main.o(.text.getPortConfigRegisters)
    __arm_cp.0_4                             0x08001c5c   Number         4  user_main.o(.text.getPortConfigRegisters)
    __arm_cp.0_5                             0x08001c60   Number         4  user_main.o(.text.getPortConfigRegisters)
    __arm_cp.0_6                             0x08001c64   Number         4  user_main.o(.text.getPortConfigRegisters)
    __arm_cp.0_7                             0x08001c68   Number         4  user_main.o(.text.getPortConfigRegisters)
    __arm_cp.0_8                             0x08001c6c   Number         4  user_main.o(.text.getPortConfigRegisters)
    __arm_cp.0_9                             0x08001c70   Number         4  user_main.o(.text.getPortConfigRegisters)
    __arm_cp.0_10                            0x08001c74   Number         4  user_main.o(.text.getPortConfigRegisters)
    __arm_cp.0_11                            0x08001c78   Number         4  user_main.o(.text.getPortConfigRegisters)
    __arm_cp.0_12                            0x08001c7c   Number         4  user_main.o(.text.getPortConfigRegisters)
    __arm_cp.0_13                            0x08001c80   Number         4  user_main.o(.text.getPortConfigRegisters)
    __arm_cp.0_14                            0x08001c84   Number         4  user_main.o(.text.getPortConfigRegisters)
    __arm_cp.0_15                            0x08001c88   Number         4  user_main.o(.text.getPortConfigRegisters)
    __arm_cp.0_16                            0x08001c8c   Number         4  user_main.o(.text.getPortConfigRegisters)
    __arm_cp.0_17                            0x08001c90   Number         4  user_main.o(.text.getPortConfigRegisters)
    __arm_cp.0_18                            0x08001c94   Number         4  user_main.o(.text.getPortConfigRegisters)
    __arm_cp.0_19                            0x08001c98   Number         4  user_main.o(.text.getPortConfigRegisters)
    __arm_cp.0_20                            0x08001c9c   Number         4  user_main.o(.text.getPortConfigRegisters)
    [Anonymous Symbol]                       0x08001ca0   Section        0  user_adc.o(.text.getTargetDaValue)
    __arm_cp.9_0                             0x08001ce4   Number         4  user_adc.o(.text.getTargetDaValue)
    [Anonymous Symbol]                       0x08001ce8   Section        0  gd32e23x_gpio.o(.text.gpio_af_set)
    [Anonymous Symbol]                       0x08001dac   Section        0  gd32e23x_gpio.o(.text.gpio_bit_reset)
    [Anonymous Symbol]                       0x08001dbc   Section        0  gd32e23x_gpio.o(.text.gpio_bit_toggle)
    gpio_config                              0x08001dcd   Thumb Code   264  user_adc.o(.text.gpio_config)
    [Anonymous Symbol]                       0x08001dcc   Section        0  user_adc.o(.text.gpio_config)
    [Anonymous Symbol]                       0x08001ed4   Section        0  user_i2cm.o(.text.gpio_config)
    __arm_cp.0_0                             0x08001f44   Number         4  user_i2cm.o(.text.gpio_config)
    __arm_cp.0_1                             0x08001f48   Number         4  user_i2cm.o(.text.gpio_config)
    __arm_cp.0_2                             0x08001f4c   Number         4  user_i2cm.o(.text.gpio_config)
    [Anonymous Symbol]                       0x08001f50   Section        0  gd32e23x_gpio.o(.text.gpio_input_bit_get)
    [Anonymous Symbol]                       0x08001f7a   Section        0  gd32e23x_gpio.o(.text.gpio_mode_set)
    [Anonymous Symbol]                       0x0800200a   Section        0  gd32e23x_gpio.o(.text.gpio_output_options_set)
    [Anonymous Symbol]                       0x08002098   Section        0  gd32e23x_i2c.o(.text.i2c_ack_config)
    [Anonymous Symbol]                       0x080020c6   Section        0  gd32e23x_i2c.o(.text.i2c_ackpos_config)
    [Anonymous Symbol]                       0x080020f4   Section        0  gd32e23x_i2c.o(.text.i2c_clock_config)
    __arm_cp.1_0                             0x080022ac   Number         4  gd32e23x_i2c.o(.text.i2c_clock_config)
    __arm_cp.1_1                             0x080022b0   Number         4  gd32e23x_i2c.o(.text.i2c_clock_config)
    __arm_cp.1_3                             0x080022b4   Number         4  gd32e23x_i2c.o(.text.i2c_clock_config)
    [Anonymous Symbol]                       0x080022b8   Section        0  user_i2cm.o(.text.i2c_config)
    __arm_cp.1_0                             0x080022f0   Number         4  user_i2cm.o(.text.i2c_config)
    __arm_cp.1_1                             0x080022f4   Number         4  user_i2cm.o(.text.i2c_config)
    __arm_cp.1_2                             0x080022f8   Number         4  user_i2cm.o(.text.i2c_config)
    [Anonymous Symbol]                       0x080022fc   Section        0  gd32e23x_i2c.o(.text.i2c_data_receive)
    [Anonymous Symbol]                       0x0800230a   Section        0  gd32e23x_i2c.o(.text.i2c_data_transmit)
    [Anonymous Symbol]                       0x08002320   Section        0  user_i2cm.o(.text.i2c_eeprom_init)
    __arm_cp.2_0                             0x08002328   Number         4  user_i2cm.o(.text.i2c_eeprom_init)
    [Anonymous Symbol]                       0x0800232c   Section        0  gd32e23x_i2c.o(.text.i2c_enable)
    [Anonymous Symbol]                       0x08002340   Section        0  gd32e23x_i2c.o(.text.i2c_flag_clear)
    __arm_cp.30_0                            0x0800237c   Number         4  gd32e23x_i2c.o(.text.i2c_flag_clear)
    [Anonymous Symbol]                       0x08002380   Section        0  gd32e23x_i2c.o(.text.i2c_flag_get)
    [Anonymous Symbol]                       0x080023ba   Section        0  user_i2cm.o(.text.i2c_init)
    [Anonymous Symbol]                       0x080023ca   Section        0  gd32e23x_i2c.o(.text.i2c_master_addressing)
    [Anonymous Symbol]                       0x080023fc   Section        0  gd32e23x_i2c.o(.text.i2c_mode_addr_config)
    __arm_cp.2_0                             0x0800243c   Number         4  gd32e23x_i2c.o(.text.i2c_mode_addr_config)
    [Anonymous Symbol]                       0x08002440   Section        0  gd32e23x_i2c.o(.text.i2c_start_on_bus)
    [Anonymous Symbol]                       0x08002454   Section        0  gd32e23x_i2c.o(.text.i2c_stop_on_bus)
    [Anonymous Symbol]                       0x08002468   Section        0  user_menu.o(.text.interaction)
    __arm_cp.8_1                             0x08002494   Number         4  user_menu.o(.text.interaction)
    [Anonymous Symbol]                       0x08002498   Section        0  user_key.o(.text.keyPressCheck)
    __arm_cp.3_1                             0x08002570   Number         4  user_key.o(.text.keyPressCheck)
    [Anonymous Symbol]                       0x08002574   Section        0  user_key.o(.text.keyReleaseCheck)
    __arm_cp.2_1                             0x080025dc   Number         4  user_key.o(.text.keyReleaseCheck)
    [Anonymous Symbol]                       0x080025e0   Section        0  user_key.o(.text.keyReleased)
    __arm_cp.0_0                             0x08002608   Number         4  user_key.o(.text.keyReleased)
    [Anonymous Symbol]                       0x0800260c   Section        0  gd32e230c_lcd_eval.o(.text.lcd_clear)
    __arm_cp.9_2                             0x08002690   Number         4  gd32e230c_lcd_eval.o(.text.lcd_clear)
    [Anonymous Symbol]                       0x08002694   Section        0  gd32e230c_lcd_eval.o(.text.lcd_draw_font_gbk16)
    __arm_cp.20_0                            0x08002988   Number         4  gd32e230c_lcd_eval.o(.text.lcd_draw_font_gbk16)
    __arm_cp.20_1                            0x0800298c   Number         4  gd32e230c_lcd_eval.o(.text.lcd_draw_font_gbk16)
    __arm_cp.20_2                            0x08002990   Number         4  gd32e230c_lcd_eval.o(.text.lcd_draw_font_gbk16)
    __arm_cp.20_3                            0x08002994   Number         4  gd32e230c_lcd_eval.o(.text.lcd_draw_font_gbk16)
    [Anonymous Symbol]                       0x08002998   Section        0  gd32e230c_lcd_eval.o(.text.lcd_draw_font_gbk24)
    __arm_cp.21_0                            0x08002d2c   Number         4  gd32e230c_lcd_eval.o(.text.lcd_draw_font_gbk24)
    __arm_cp.21_1                            0x08002d30   Number         4  gd32e230c_lcd_eval.o(.text.lcd_draw_font_gbk24)
    __arm_cp.21_2                            0x08002d34   Number         4  gd32e230c_lcd_eval.o(.text.lcd_draw_font_gbk24)
    __arm_cp.21_3                            0x08002d38   Number         4  gd32e230c_lcd_eval.o(.text.lcd_draw_font_gbk24)
    [Anonymous Symbol]                       0x08002d3c   Section        0  gd32e230c_lcd_eval.o(.text.lcd_draw_font_gbk32)
    __arm_cp.23_0                            0x08002eb8   Number         4  gd32e230c_lcd_eval.o(.text.lcd_draw_font_gbk32)
    __arm_cp.23_1                            0x08002ebc   Number         4  gd32e230c_lcd_eval.o(.text.lcd_draw_font_gbk32)
    __arm_cp.23_2                            0x08002ec0   Number         4  gd32e230c_lcd_eval.o(.text.lcd_draw_font_gbk32)
    __arm_cp.23_3                            0x08002ec4   Number         4  gd32e230c_lcd_eval.o(.text.lcd_draw_font_gbk32)
    [Anonymous Symbol]                       0x08002ec8   Section        0  gd32e230c_lcd_eval.o(.text.lcd_draw_number)
    __arm_cp.25_0                            0x08002fc0   Number         4  gd32e230c_lcd_eval.o(.text.lcd_draw_number)
    [Anonymous Symbol]                       0x08002fc4   Section        0  gd32e230c_lcd_eval.o(.text.lcd_draw_point)
    [Anonymous Symbol]                       0x08003008   Section        0  gd32e230c_lcd_eval.o(.text.lcd_init)
    __arm_cp.0_1                             0x0800323c   Number         4  gd32e230c_lcd_eval.o(.text.lcd_init)
    [Anonymous Symbol]                       0x08003240   Section        0  gd32e230c_lcd_eval.o(.text.lcd_line_draw)
    lcd_reset                                0x080033c5   Thumb Code    40  gd32e230c_lcd_eval.o(.text.lcd_reset)
    [Anonymous Symbol]                       0x080033c4   Section        0  gd32e230c_lcd_eval.o(.text.lcd_reset)
    __arm_cp.2_0                             0x080033e8   Number         4  gd32e230c_lcd_eval.o(.text.lcd_reset)
    [Anonymous Symbol]                       0x080033ec   Section        0  gd32e230c_lcd_eval.o(.text.lcd_set_region)
    [Anonymous Symbol]                       0x08003478   Section        0  gd32e230c_lcd_eval.o(.text.lcd_set_xy)
    lcd_write_data                           0x080034c1   Thumb Code    44  gd32e230c_lcd_eval.o(.text.lcd_write_data)
    [Anonymous Symbol]                       0x080034c0   Section        0  gd32e230c_lcd_eval.o(.text.lcd_write_data)
    __arm_cp.4_0                             0x080034e8   Number         4  gd32e230c_lcd_eval.o(.text.lcd_write_data)
    lcd_write_data_16bit                     0x080034ed   Thumb Code    42  gd32e230c_lcd_eval.o(.text.lcd_write_data_16bit)
    [Anonymous Symbol]                       0x080034ec   Section        0  gd32e230c_lcd_eval.o(.text.lcd_write_data_16bit)
    lcd_write_index                          0x08003519   Thumb Code    48  gd32e230c_lcd_eval.o(.text.lcd_write_index)
    [Anonymous Symbol]                       0x08003518   Section        0  gd32e230c_lcd_eval.o(.text.lcd_write_index)
    __arm_cp.3_0                             0x08003540   Number         4  gd32e230c_lcd_eval.o(.text.lcd_write_index)
    __arm_cp.3_1                             0x08003544   Number         4  gd32e230c_lcd_eval.o(.text.lcd_write_index)
    [Anonymous Symbol]                       0x08003548   Section        0  main.o(.text.main)
    __arm_cp.0_0                             0x0800361c   Number         4  main.o(.text.main)
    __arm_cp.0_1                             0x08003620   Number         4  main.o(.text.main)
    __arm_cp.0_2                             0x08003624   Number         4  main.o(.text.main)
    __arm_cp.0_3                             0x08003628   Number         4  main.o(.text.main)
    [Anonymous Symbol]                       0x0800362c   Section        0  gd32e23x_misc.o(.text.nvic_irq_enable)
    [Anonymous Symbol]                       0x08003660   Section        0  gd32e23x_misc.o(.text.nvic_vector_table_set)
    __arm_cp.7_0                             0x08003678   Number         4  gd32e23x_misc.o(.text.nvic_vector_table_set)
    __arm_cp.7_1                             0x0800367c   Number         4  gd32e23x_misc.o(.text.nvic_vector_table_set)
    [Anonymous Symbol]                       0x08003680   Section        0  gd32e23x_pmu.o(.text.pmu_to_sleepmode)
    __arm_cp.4_0                             0x080036a8   Number         4  gd32e23x_pmu.o(.text.pmu_to_sleepmode)
    [Anonymous Symbol]                       0x080036ac   Section        0  user_main.o(.text.powerDataInit)
    __arm_cp.2_0                             0x080036d0   Number         4  user_main.o(.text.powerDataInit)
    [Anonymous Symbol]                       0x080036d4   Section        0  user_pwm.o(.text.pwmConfig)
    __arm_cp.1_0                             0x080037b0   Number         4  user_pwm.o(.text.pwmConfig)
    [Anonymous Symbol]                       0x080037b4   Section        0  user_pwm.o(.text.pwmIoConfig)
    __arm_cp.0_0                             0x08003810   Number         4  user_pwm.o(.text.pwmIoConfig)
    __arm_cp.0_1                             0x08003814   Number         4  user_pwm.o(.text.pwmIoConfig)
    [Anonymous Symbol]                       0x08003818   Section        0  gd32e23x_rcu.o(.text.rcu_adc_clock_config)
    __arm_cp.14_0                            0x08003998   Number         4  gd32e23x_rcu.o(.text.rcu_adc_clock_config)
    __arm_cp.14_1                            0x0800399c   Number         4  gd32e23x_rcu.o(.text.rcu_adc_clock_config)
    __arm_cp.14_2                            0x080039a0   Number         4  gd32e23x_rcu.o(.text.rcu_adc_clock_config)
    [Anonymous Symbol]                       0x080039a4   Section        0  gd32e23x_rcu.o(.text.rcu_clock_freq_get)
    __arm_cp.38_0                            0x08003c84   Number         4  gd32e23x_rcu.o(.text.rcu_clock_freq_get)
    __arm_cp.38_1                            0x08003c88   Number         4  gd32e23x_rcu.o(.text.rcu_clock_freq_get)
    __arm_cp.38_2                            0x08003c8c   Number         4  gd32e23x_rcu.o(.text.rcu_clock_freq_get)
    __arm_cp.38_3                            0x08003c90   Number         4  gd32e23x_rcu.o(.text.rcu_clock_freq_get)
    __arm_cp.38_4                            0x08003c94   Number         4  gd32e23x_rcu.o(.text.rcu_clock_freq_get)
    __arm_cp.38_5                            0x08003c98   Number         4  gd32e23x_rcu.o(.text.rcu_clock_freq_get)
    __arm_cp.38_6                            0x08003c9c   Number         4  gd32e23x_rcu.o(.text.rcu_clock_freq_get)
    __arm_cp.38_7                            0x08003ca0   Number         4  gd32e23x_rcu.o(.text.rcu_clock_freq_get)
    __arm_cp.38_8                            0x08003ca4   Number         4  gd32e23x_rcu.o(.text.rcu_clock_freq_get)
    [Anonymous Symbol]                       0x08003ca8   Section        0  gd32e23x_rcu.o(.text.rcu_periph_clock_enable)
    [Anonymous Symbol]                       0x08003ccc   Section        0  gd32e23x_rcu.o(.text.rcu_periph_reset_disable)
    [Anonymous Symbol]                       0x08003cf0   Section        0  gd32e23x_rcu.o(.text.rcu_periph_reset_enable)
    __arm_cp.5_0                             0x08003d14   Number         4  gd32e23x_rcu.o(.text.rcu_periph_reset_enable)
    [Anonymous Symbol]                       0x08003d18   Section        0  user_i2cm.o(.text.readEepromData)
    __arm_cp.7_0                             0x08003ed8   Number         4  user_i2cm.o(.text.readEepromData)
    __arm_cp.7_1                             0x08003edc   Number         4  user_i2cm.o(.text.readEepromData)
    __arm_cp.7_2                             0x08003ee0   Number         4  user_i2cm.o(.text.readEepromData)
    __arm_cp.7_3                             0x08003ee4   Number         4  user_i2cm.o(.text.readEepromData)
    __arm_cp.7_4                             0x08003ee8   Number         4  user_i2cm.o(.text.readEepromData)
    __arm_cp.7_5                             0x08003eec   Number         4  user_i2cm.o(.text.readEepromData)
    __arm_cp.7_6                             0x08003ef0   Number         4  user_i2cm.o(.text.readEepromData)
    [Anonymous Symbol]                       0x08003ef4   Section        0  user_menu.o(.text.resetEntrySleepTime)
    __arm_cp.0_0                             0x08003f14   Number         4  user_menu.o(.text.resetEntrySleepTime)
    [Anonymous Symbol]                       0x08003f18   Section        0  user_key.o(.text.setKeyPressedFlag)
    __arm_cp.1_0                             0x08003f3c   Number         4  user_key.o(.text.setKeyPressedFlag)
    __arm_cp.1_1                             0x08003f40   Number         4  user_key.o(.text.setKeyPressedFlag)
    [Anonymous Symbol]                       0x08003f44   Section        0  user_key.o(.text.setPowerKeyPressedFlag)
    __arm_cp.7_0                             0x08003f50   Number         4  user_key.o(.text.setPowerKeyPressedFlag)
    [Anonymous Symbol]                       0x08003f54   Section        0  user_key.o(.text.setSwitchKeyPressedFlag)
    __arm_cp.8_0                             0x08003f60   Number         4  user_key.o(.text.setSwitchKeyPressedFlag)
    [Anonymous Symbol]                       0x08003f64   Section        0  user_exti.o(.text.singleExtiConfig)
    spi1_init                                0x08003fe5   Thumb Code   168  gd32e230c_lcd_eval.o(.text.spi1_init)
    [Anonymous Symbol]                       0x08003fe4   Section        0  gd32e230c_lcd_eval.o(.text.spi1_init)
    __arm_cp.1_0                             0x0800407c   Number         4  gd32e230c_lcd_eval.o(.text.spi1_init)
    __arm_cp.1_1                             0x08004080   Number         4  gd32e230c_lcd_eval.o(.text.spi1_init)
    __arm_cp.1_2                             0x08004084   Number         4  gd32e230c_lcd_eval.o(.text.spi1_init)
    __arm_cp.1_3                             0x08004088   Number         4  gd32e230c_lcd_eval.o(.text.spi1_init)
    [Anonymous Symbol]                       0x0800408c   Section        0  gd32e23x_spi.o(.text.spi_enable)
    [Anonymous Symbol]                       0x080040a0   Section        0  gd32e23x_spi.o(.text.spi_init)
    __arm_cp.2_0                             0x080041cc   Number         4  gd32e23x_spi.o(.text.spi_init)
    __arm_cp.2_1                             0x080041d0   Number         4  gd32e23x_spi.o(.text.spi_init)
    spi_write_byte                           0x080041d5   Thumb Code    72  gd32e230c_lcd_eval.o(.text.spi_write_byte)
    [Anonymous Symbol]                       0x080041d4   Section        0  gd32e230c_lcd_eval.o(.text.spi_write_byte)
    [Anonymous Symbol]                       0x0800421c   Section        0  user_adc.o(.text.startBattVoltDect)
    [Anonymous Symbol]                       0x08004228   Section        0  systick.o(.text.sysTickCallback)
    __arm_cp.5_0                             0x08004318   Number         4  systick.o(.text.sysTickCallback)
    __arm_cp.5_1                             0x0800431c   Number         4  systick.o(.text.sysTickCallback)
    __arm_cp.5_2                             0x08004320   Number         4  systick.o(.text.sysTickCallback)
    __arm_cp.5_3                             0x08004324   Number         4  systick.o(.text.sysTickCallback)
    __arm_cp.5_4                             0x08004328   Number         4  systick.o(.text.sysTickCallback)
    __arm_cp.5_5                             0x0800432c   Number         4  systick.o(.text.sysTickCallback)
    __arm_cp.5_6                             0x08004330   Number         4  systick.o(.text.sysTickCallback)
    __arm_cp.5_7                             0x08004334   Number         4  systick.o(.text.sysTickCallback)
    __arm_cp.5_8                             0x08004338   Number         4  systick.o(.text.sysTickCallback)
    __arm_cp.5_9                             0x0800433c   Number         4  systick.o(.text.sysTickCallback)
    __arm_cp.5_10                            0x08004340   Number         4  systick.o(.text.sysTickCallback)
    __arm_cp.5_11                            0x08004344   Number         4  systick.o(.text.sysTickCallback)
    __arm_cp.5_12                            0x08004348   Number         4  systick.o(.text.sysTickCallback)
    [Anonymous Symbol]                       0x0800434c   Section        0  gd32e23x_syscfg.o(.text.syscfg_exti_line_config)
    __arm_cp.5_0                             0x080043f4   Number         4  gd32e23x_syscfg.o(.text.syscfg_exti_line_config)
    __arm_cp.5_1                             0x080043f8   Number         4  gd32e23x_syscfg.o(.text.syscfg_exti_line_config)
    __arm_cp.5_2                             0x080043fc   Number         4  gd32e23x_syscfg.o(.text.syscfg_exti_line_config)
    __arm_cp.5_3                             0x08004400   Number         4  gd32e23x_syscfg.o(.text.syscfg_exti_line_config)
    system_clock_72m_irc8m                   0x08004405   Thumb Code   224  system_gd32e23x.o(.text.system_clock_72m_irc8m)
    [Anonymous Symbol]                       0x08004404   Section        0  system_gd32e23x.o(.text.system_clock_72m_irc8m)
    __arm_cp.3_0                             0x080044d0   Number         4  system_gd32e23x.o(.text.system_clock_72m_irc8m)
    __arm_cp.3_1                             0x080044d4   Number         4  system_gd32e23x.o(.text.system_clock_72m_irc8m)
    __arm_cp.3_2                             0x080044d8   Number         4  system_gd32e23x.o(.text.system_clock_72m_irc8m)
    __arm_cp.3_3                             0x080044dc   Number         4  system_gd32e23x.o(.text.system_clock_72m_irc8m)
    __arm_cp.3_4                             0x080044e0   Number         4  system_gd32e23x.o(.text.system_clock_72m_irc8m)
    system_clock_config                      0x080044e5   Thumb Code     8  system_gd32e23x.o(.text.system_clock_config)
    [Anonymous Symbol]                       0x080044e4   Section        0  system_gd32e23x.o(.text.system_clock_config)
    [Anonymous Symbol]                       0x080044ec   Section        0  systick.o(.text.systick_config)
    __arm_cp.0_0                             0x0800451c   Number         4  systick.o(.text.systick_config)
    [Anonymous Symbol]                       0x08004520   Section        0  user_main.o(.text.test_display_init)
    __arm_cp.1_0                             0x080045c4   Number         4  user_main.o(.text.test_display_init)
    __arm_cp.1_1                             0x080045c8   Number         4  user_main.o(.text.test_display_init)
    __arm_cp.1_2                             0x080045cc   Number         4  user_main.o(.text.test_display_init)
    __arm_cp.1_3                             0x080045d0   Number         4  user_main.o(.text.test_display_init)
    __arm_cp.1_4                             0x080045d4   Number         4  user_main.o(.text.test_display_init)
    __arm_cp.1_5                             0x080045d8   Number         4  user_main.o(.text.test_display_init)
    [Anonymous Symbol]                       0x080045dc   Section        0  gd32e23x_timer.o(.text.timer_auto_reload_shadow_enable)
    [Anonymous Symbol]                       0x080045f0   Section        0  gd32e23x_timer.o(.text.timer_channel_output_config)
    __arm_cp.42_0                            0x080048d4   Number         4  gd32e23x_timer.o(.text.timer_channel_output_config)
    __arm_cp.42_1                            0x080048d8   Number         4  gd32e23x_timer.o(.text.timer_channel_output_config)
    __arm_cp.42_2                            0x080048dc   Number         4  gd32e23x_timer.o(.text.timer_channel_output_config)
    __arm_cp.42_3                            0x080048e0   Number         4  gd32e23x_timer.o(.text.timer_channel_output_config)
    [Anonymous Symbol]                       0x080048e4   Section        0  gd32e23x_timer.o(.text.timer_channel_output_mode_config)
    [Anonymous Symbol]                       0x08004988   Section        0  gd32e23x_timer.o(.text.timer_channel_output_pulse_value_config)
    [Anonymous Symbol]                       0x080049e0   Section        0  gd32e23x_timer.o(.text.timer_channel_output_shadow_config)
    [Anonymous Symbol]                       0x08004a84   Section        0  gd32e23x_timer.o(.text.timer_deinit)
    __arm_cp.0_1                             0x08004b4c   Number         4  gd32e23x_timer.o(.text.timer_deinit)
    __arm_cp.0_3                             0x08004b50   Number         4  gd32e23x_timer.o(.text.timer_deinit)
    __arm_cp.0_4                             0x08004b54   Number         4  gd32e23x_timer.o(.text.timer_deinit)
    __arm_cp.0_7                             0x08004b58   Number         4  gd32e23x_timer.o(.text.timer_deinit)
    __arm_cp.0_8                             0x08004b5c   Number         4  gd32e23x_timer.o(.text.timer_deinit)
    __arm_cp.0_9                             0x08004b60   Number         4  gd32e23x_timer.o(.text.timer_deinit)
    __arm_cp.0_10                            0x08004b64   Number         4  gd32e23x_timer.o(.text.timer_deinit)
    __arm_cp.0_11                            0x08004b68   Number         4  gd32e23x_timer.o(.text.timer_deinit)
    [Anonymous Symbol]                       0x08004b6c   Section        0  gd32e23x_timer.o(.text.timer_enable)
    [Anonymous Symbol]                       0x08004b80   Section        0  gd32e23x_timer.o(.text.timer_init)
    __arm_cp.2_0                             0x08004c64   Number         4  gd32e23x_timer.o(.text.timer_init)
    __arm_cp.2_1                             0x08004c68   Number         4  gd32e23x_timer.o(.text.timer_init)
    __arm_cp.2_2                             0x08004c6c   Number         4  gd32e23x_timer.o(.text.timer_init)
    __arm_cp.2_3                             0x08004c70   Number         4  gd32e23x_timer.o(.text.timer_init)
    __arm_cp.2_4                             0x08004c74   Number         4  gd32e23x_timer.o(.text.timer_init)
    __arm_cp.2_5                             0x08004c78   Number         4  gd32e23x_timer.o(.text.timer_init)
    [Anonymous Symbol]                       0x08004c7c   Section        0  gd32e23x_timer.o(.text.timer_primary_output_config)
    [Anonymous Symbol]                       0x08004cae   Section        0  user_adc.o(.text.tryBandgapConvert)
    [Anonymous Symbol]                       0x08004cb8   Section        0  user_adc.o(.text.tryTemperatureConvert)
    [Anonymous Symbol]                       0x08004cc4   Section        0  user_adc.o(.text.userAdcConfig)
    __arm_cp.2_0                             0x08004d8c   Number         4  user_adc.o(.text.userAdcConfig)
    __arm_cp.2_1                             0x08004d90   Number         4  user_adc.o(.text.userAdcConfig)
    [Anonymous Symbol]                       0x08004d94   Section        0  user_menu.o(.text.wakeupPreProcess)
    __arm_cp.1_0                             0x08004db4   Number         4  user_menu.o(.text.wakeupPreProcess)
    [Anonymous Symbol]                       0x08004db8   Section        0  user_i2cm.o(.text.writeEepromData)
    i.__0sprintf                             0x08004f38   Section        0  printfa.o(i.__0sprintf)
    i.__ARM_clz                              0x08004f60   Section        0  depilogue.o(i.__ARM_clz)
    i.__scatterload_copy                     0x08004f8e   Section       14  handlers.o(i.__scatterload_copy)
    i.__scatterload_null                     0x08004f9c   Section        2  handlers.o(i.__scatterload_null)
    i.__scatterload_zeroinit                 0x08004f9e   Section       14  handlers.o(i.__scatterload_zeroinit)
    _fp_digits                               0x08004fad   Thumb Code   344  printfa.o(i._fp_digits)
    i._fp_digits                             0x08004fac   Section        0  printfa.o(i._fp_digits)
    _printf_core                             0x08005121   Thumb Code  1754  printfa.o(i._printf_core)
    i._printf_core                           0x08005120   Section        0  printfa.o(i._printf_core)
    _printf_post_padding                     0x0800580d   Thumb Code    32  printfa.o(i._printf_post_padding)
    i._printf_post_padding                   0x0800580c   Section        0  printfa.o(i._printf_post_padding)
    _printf_pre_padding                      0x0800582d   Thumb Code    44  printfa.o(i._printf_pre_padding)
    i._printf_pre_padding                    0x0800582c   Section        0  printfa.o(i._printf_pre_padding)
    _sputc                                   0x08005859   Thumb Code    10  printfa.o(i._sputc)
    i._sputc                                 0x08005858   Section        0  printfa.o(i._sputc)
    i.free                                   0x08005864   Section        0  malloc.o(i.free)
    i.malloc                                 0x080058b8   Section        0  malloc.o(i.malloc)
    .L.str.1                                 0x08008b85   Data          13  user_main.o(.rodata.str1.1)
    [Anonymous Symbol]                       0x08008b85   Section        0  user_main.o(.rodata.str1.1)
    .L.str                                   0x08008b92   Data          23  user_main.o(.rodata.str1.1)
    .L.str.2                                 0x08008ba9   Data          16  user_main.o(.rodata.str1.1)
    .L.str                                   0x08008bb9   Data           3  gd32e230c_lcd_eval.o(.rodata.str1.1)
    [Anonymous Symbol]                       0x08008bb9   Section        0  gd32e230c_lcd_eval.o(.rodata.str1.1)
    .data                                    0x20000000   Section        4  mvars.o(.data)
    .data                                    0x20000004   Section        4  mvars.o(.data)
    delay                                    0x20000430   Data           4  systick.o(.bss.delay)
    [Anonymous Symbol]                       0x20000430   Section        0  systick.o(.bss.delay)
    vIsSetKeyGod                             0x20000469   Data           1  user_key.o(.bss.vIsSetKeyGod)
    [Anonymous Symbol]                       0x20000469   Section        0  user_key.o(.bss.vIsSetKeyGod)
    vIsSwitchKeyGod                          0x2000046a   Data           1  user_key.o(.bss.vIsSwitchKeyGod)
    [Anonymous Symbol]                       0x2000046a   Section        0  user_key.o(.bss.vIsSwitchKeyGod)
    vSetKeyTimer                             0x2000046c   Data           2  user_key.o(.bss.vSetKeyTimer)
    [Anonymous Symbol]                       0x2000046c   Section        0  user_key.o(.bss.vSetKeyTimer)
    vSwitchKeyTimer                          0x2000046e   Data           2  user_key.o(.bss.vSwitchKeyTimer)
    [Anonymous Symbol]                       0x2000046e   Section        0  user_key.o(.bss.vSwitchKeyTimer)
    HEAP                                     0x20000478   Section     1024  startup_gd32e23x.o(HEAP)
    STACK                                    0x20000878   Section     1024  startup_gd32e23x.o(STACK)

    Global Symbols

    Symbol Name                              Value     Ov Type        Size  Object(Section)

    BuildAttributes$$THM_ISAv3M$S$8M$PE$A:L22$X:L11$S22$IEEE1$IW$~IW$USESV6$~STKCKD$USESV7$~SHL$OTIME$ROPI$EBA8$MICROLIB$REQ8$PRES8$EABIv2 0x00000000   Number         0  anon$$obj.o ABSOLUTE
    __cpp_initialize__aeabi_                  - Undefined Weak Reference
    __cxa_finalize                            - Undefined Weak Reference
    __decompress                              - Undefined Weak Reference
    _clock_init                               - Undefined Weak Reference
    _microlib_exit                            - Undefined Weak Reference
    __Vectors_Size                           0x000000cc   Number         0  startup_gd32e23x.o ABSOLUTE
    __Vectors                                0x08000000   Data           4  startup_gd32e23x.o(RESET)
    __Vectors_End                            0x080000cc   Data           0  startup_gd32e23x.o(RESET)
    __main                                   0x080000cd   Thumb Code     0  entry.o(.ARM.Collect$$$$00000000)
    _main_stk                                0x080000cd   Thumb Code     0  entry2.o(.ARM.Collect$$$$00000001)
    _main_scatterload                        0x080000d1   Thumb Code     0  entry5.o(.ARM.Collect$$$$00000004)
    __main_after_scatterload                 0x080000d5   Thumb Code     0  entry5.o(.ARM.Collect$$$$00000004)
    _main_clock                              0x080000d5   Thumb Code     0  entry7b.o(.ARM.Collect$$$$00000008)
    _main_cpp_init                           0x080000d5   Thumb Code     0  entry8b.o(.ARM.Collect$$$$0000000A)
    _main_init                               0x080000d5   Thumb Code     0  entry9a.o(.ARM.Collect$$$$0000000B)
    __rt_final_cpp                           0x080000dd   Thumb Code     0  entry10a.o(.ARM.Collect$$$$0000000D)
    __rt_final_exit                          0x080000dd   Thumb Code     0  entry11a.o(.ARM.Collect$$$$0000000F)
    Reset_Handler                            0x080000e1   Thumb Code     8  startup_gd32e23x.o(.text)
    ADC_CMP_IRQHandler                       0x080000f3   Thumb Code     0  startup_gd32e23x.o(.text)
    DMA_Channel1_2_IRQHandler                0x080000f3   Thumb Code     0  startup_gd32e23x.o(.text)
    DMA_Channel3_4_IRQHandler                0x080000f3   Thumb Code     0  startup_gd32e23x.o(.text)
    FMC_IRQHandler                           0x080000f3   Thumb Code     0  startup_gd32e23x.o(.text)
    I2C0_ER_IRQHandler                       0x080000f3   Thumb Code     0  startup_gd32e23x.o(.text)
    I2C0_EV_IRQHandler                       0x080000f3   Thumb Code     0  startup_gd32e23x.o(.text)
    I2C1_ER_IRQHandler                       0x080000f3   Thumb Code     0  startup_gd32e23x.o(.text)
    I2C1_EV_IRQHandler                       0x080000f3   Thumb Code     0  startup_gd32e23x.o(.text)
    LVD_IRQHandler                           0x080000f3   Thumb Code     0  startup_gd32e23x.o(.text)
    RCU_IRQHandler                           0x080000f3   Thumb Code     0  startup_gd32e23x.o(.text)
    RTC_IRQHandler                           0x080000f3   Thumb Code     0  startup_gd32e23x.o(.text)
    SPI0_IRQHandler                          0x080000f3   Thumb Code     0  startup_gd32e23x.o(.text)
    SPI1_IRQHandler                          0x080000f3   Thumb Code     0  startup_gd32e23x.o(.text)
    TIMER0_BRK_UP_TRG_COM_IRQHandler         0x080000f3   Thumb Code     0  startup_gd32e23x.o(.text)
    TIMER0_Channel_IRQHandler                0x080000f3   Thumb Code     0  startup_gd32e23x.o(.text)
    TIMER13_IRQHandler                       0x080000f3   Thumb Code     0  startup_gd32e23x.o(.text)
    TIMER14_IRQHandler                       0x080000f3   Thumb Code     0  startup_gd32e23x.o(.text)
    TIMER15_IRQHandler                       0x080000f3   Thumb Code     0  startup_gd32e23x.o(.text)
    TIMER16_IRQHandler                       0x080000f3   Thumb Code     0  startup_gd32e23x.o(.text)
    TIMER2_IRQHandler                        0x080000f3   Thumb Code     0  startup_gd32e23x.o(.text)
    TIMER5_IRQHandler                        0x080000f3   Thumb Code     0  startup_gd32e23x.o(.text)
    USART0_IRQHandler                        0x080000f3   Thumb Code     0  startup_gd32e23x.o(.text)
    USART1_IRQHandler                        0x080000f3   Thumb Code     0  startup_gd32e23x.o(.text)
    WWDGT_IRQHandler                         0x080000f3   Thumb Code     0  startup_gd32e23x.o(.text)
    __aeabi_memcpy                           0x080000fd   Thumb Code    36  memcpya.o(.text)
    __aeabi_memcpy4                          0x080000fd   Thumb Code     0  memcpya.o(.text)
    __aeabi_memcpy8                          0x080000fd   Thumb Code     0  memcpya.o(.text)
    __aeabi_dmul                             0x08000121   Thumb Code   202  dmul.o(.text)
    __aeabi_ddiv                             0x080001f1   Thumb Code   234  ddiv.o(.text)
    __aeabi_i2d                              0x080002e1   Thumb Code    34  dflti.o(.text)
    __aeabi_d2f                              0x08000309   Thumb Code    56  d2f.o(.text)
    __aeabi_uidiv                            0x08000341   Thumb Code     0  uidiv.o(.text)
    __aeabi_uidivmod                         0x08000341   Thumb Code    44  uidiv.o(.text)
    __aeabi_uldivmod                         0x0800036d   Thumb Code    96  uldiv.o(.text)
    __I$use$fp                               0x080003cd   Thumb Code     0  iusefp.o(.text)
    _float_round                             0x080003cd   Thumb Code    16  fepilogue.o(.text)
    _float_epilogue                          0x080003dd   Thumb Code   114  fepilogue.o(.text)
    _double_round                            0x0800044f   Thumb Code    26  depilogue.o(.text)
    _double_epilogue                         0x08000469   Thumb Code   164  depilogue.o(.text)
    __aeabi_dadd                             0x0800050d   Thumb Code   328  dadd.o(.text)
    __aeabi_dsub                             0x08000655   Thumb Code    12  dadd.o(.text)
    __aeabi_drsub                            0x08000661   Thumb Code    12  dadd.o(.text)
    __aeabi_d2ulz                            0x08000671   Thumb Code    54  dfixul.o(.text)
    __aeabi_cdrcmple                         0x080006b1   Thumb Code    38  cdrcmple.o(.text)
    __scatterload                            0x080006d9   Thumb Code    28  init.o(.text)
    __scatterload_rt2                        0x080006d9   Thumb Code     0  init.o(.text)
    __aeabi_llsl                             0x080006fd   Thumb Code    32  llshl.o(.text)
    _ll_shift_l                              0x080006fd   Thumb Code     0  llshl.o(.text)
    __aeabi_llsr                             0x0800071d   Thumb Code    34  llushr.o(.text)
    _ll_ushift_r                             0x0800071d   Thumb Code     0  llushr.o(.text)
    __aeabi_lasr                             0x0800073f   Thumb Code    38  llsshr.o(.text)
    _ll_sshift_r                             0x0800073f   Thumb Code     0  llsshr.o(.text)
    DMA0_IRQ_CallBack                        0x08000765   Thumb Code   128  user_adc.o(.text.DMA0_IRQ_CallBack)
    DMA_Channel0_IRQHandler                  0x080007e5   Thumb Code    40  gd32e23x_it.o(.text.DMA_Channel0_IRQHandler)
    EXTI0_1_IRQHandler                       0x0800080d   Thumb Code    32  gd32e23x_it.o(.text.EXTI0_1_IRQHandler)
    EXTI2_3_IRQHandler                       0x0800082d   Thumb Code     8  gd32e23x_it.o(.text.EXTI2_3_IRQHandler)
    EXTI4_15_IRQHandler                      0x08000835   Thumb Code    36  gd32e23x_it.o(.text.EXTI4_15_IRQHandler)
    HardFault_Handler                        0x08000859   Thumb Code    18  gd32e23x_it.o(.text.HardFault_Handler)
    LoadExceptionsFromFlash                  0x0800086d   Thumb Code   124  user_internalflash.o(.text.LoadExceptionsFromFlash)
    NMI_Handler                              0x080008e9   Thumb Code     2  gd32e23x_it.o(.text.NMI_Handler)
    PendSV_Handler                           0x080008eb   Thumb Code     2  gd32e23x_it.o(.text.PendSV_Handler)
    SVC_Handler                              0x080008ed   Thumb Code     2  gd32e23x_it.o(.text.SVC_Handler)
    StoreExceptions2Flash                    0x080008f1   Thumb Code   120  user_internalflash.o(.text.StoreExceptions2Flash)
    SysTick_Handler                          0x080009bd   Thumb Code     8  gd32e23x_it.o(.text.SysTick_Handler)
    SystemInit                               0x080009c5   Thumb Code   172  system_gd32e23x.o(.text.SystemInit)
    adcInit                                  0x08000bdd   Thumb Code    84  user_adc.o(.text.adcInit)
    adc_calibration_enable                   0x08000c31   Thumb Code    56  gd32e23x_adc.o(.text.adc_calibration_enable)
    adc_channel_length_config                0x08000c69   Thumb Code   104  gd32e23x_adc.o(.text.adc_channel_length_config)
    adc_data_alignment_config                0x08000cd1   Thumb Code    44  gd32e23x_adc.o(.text.adc_data_alignment_config)
    adc_disable                              0x08000cfd   Thumb Code    12  gd32e23x_adc.o(.text.adc_disable)
    adc_dma_mode_enable                      0x08000d09   Thumb Code    16  gd32e23x_adc.o(.text.adc_dma_mode_enable)
    adc_enable                               0x08000d19   Thumb Code    28  gd32e23x_adc.o(.text.adc_enable)
    adc_external_trigger_config              0x08000d35   Thumb Code   136  gd32e23x_adc.o(.text.adc_external_trigger_config)
    adc_external_trigger_source_config       0x08000dbd   Thumb Code    80  gd32e23x_adc.o(.text.adc_external_trigger_source_config)
    adc_regular_channel_config               0x08000e0d   Thumb Code   348  gd32e23x_adc.o(.text.adc_regular_channel_config)
    adc_resolution_config                    0x08000f69   Thumb Code    28  gd32e23x_adc.o(.text.adc_resolution_config)
    adc_software_trigger_enable              0x08000f85   Thumb Code    68  gd32e23x_adc.o(.text.adc_software_trigger_enable)
    adc_special_function_config              0x08000fc9   Thumb Code   184  gd32e23x_adc.o(.text.adc_special_function_config)
    adc_tempsensor_vrefint_disable           0x08001081   Thumb Code    16  gd32e23x_adc.o(.text.adc_tempsensor_vrefint_disable)
    adc_tempsensor_vrefint_enable            0x08001091   Thumb Code    20  gd32e23x_adc.o(.text.adc_tempsensor_vrefint_enable)
    checkAdcConvertRetry                     0x080010a5   Thumb Code    88  user_adc.o(.text.checkAdcConvertRetry)
    clearExceptions                          0x080010fd   Thumb Code    24  user_internalflash.o(.text.clearExceptions)
    delay_decrement                          0x08001115   Thumb Code    24  systick.o(.text.delay_decrement)
    delay_ms                                 0x0800112d   Thumb Code    32  systick.o(.text.delay_ms)
    dma_channel_disable                      0x0800114d   Thumb Code    32  gd32e23x_dma.o(.text.dma_channel_disable)
    dma_channel_enable                       0x0800116d   Thumb Code    32  gd32e23x_dma.o(.text.dma_channel_enable)
    dma_circulation_enable                   0x0800118d   Thumb Code    32  gd32e23x_dma.o(.text.dma_circulation_enable)
    dma_config                               0x080011ad   Thumb Code   156  user_adc.o(.text.dma_config)
    dma_deinit                               0x08001249   Thumb Code    88  gd32e23x_dma.o(.text.dma_deinit)
    dma_init                                 0x080012a1   Thumb Code   284  gd32e23x_dma.o(.text.dma_init)
    dma_interrupt_enable                     0x080013bd   Thumb Code    32  gd32e23x_dma.o(.text.dma_interrupt_enable)
    dma_interrupt_flag_clear                 0x080013dd   Thumb Code    36  gd32e23x_dma.o(.text.dma_interrupt_flag_clear)
    dma_interrupt_flag_get                   0x08001401   Thumb Code   196  gd32e23x_dma.o(.text.dma_interrupt_flag_get)
    dma_memory_to_memory_disable             0x080014c5   Thumb Code    36  gd32e23x_dma.o(.text.dma_memory_to_memory_disable)
    eeprom_page_write                        0x080014e9   Thumb Code   236  user_i2cm.o(.text.eeprom_page_write)
    eeprom_wait_standby_state                0x080015d5   Thumb Code   180  user_i2cm.o(.text.eeprom_wait_standby_state)
    entrySleep                               0x08001689   Thumb Code    48  user_menu.o(.text.entrySleep)
    exceptionsCheck                          0x080016b9   Thumb Code    72  user_internalflash.o(.text.exceptionsCheck)
    extiConfig                               0x08001701   Thumb Code   104  user_exti.o(.text.extiConfig)
    exti_init                                0x08001769   Thumb Code   216  gd32e23x_exti.o(.text.exti_init)
    exti_interrupt_flag_clear                0x08001841   Thumb Code    16  gd32e23x_exti.o(.text.exti_interrupt_flag_clear)
    exti_interrupt_flag_get                  0x08001851   Thumb Code    72  gd32e23x_exti.o(.text.exti_interrupt_flag_get)
    fucnPer100ms                             0x08001899   Thumb Code     2  user_menu.o(.text.fucnPer100ms)
    fucnPer1s                                0x0800189d   Thumb Code    32  user_menu.o(.text.fucnPer1s)
    fucnPer500ms                             0x080018bd   Thumb Code    16  user_menu.o(.text.fucnPer500ms)
    fucnPer50ms                              0x080018cd   Thumb Code    84  user_menu.o(.text.fucnPer50ms)
    fucnPer5ms                               0x08001921   Thumb Code   308  user_menu.o(.text.fucnPer5ms)
    funcKeyTask                              0x08001a55   Thumb Code    44  user_key.o(.text.funcKeyTask)
    func_user_main                           0x08001a81   Thumb Code   156  user_main.o(.text.func_user_main)
    getAdResultVolt                          0x08001b1d   Thumb Code   108  user_adc.o(.text.getAdResultVolt)
    getNumLen                                0x08001b89   Thumb Code    50  gd32e230c_lcd_eval.o(.text.getNumLen)
    getPortConfigRegisters                   0x08001bbd   Thumb Code   228  user_main.o(.text.getPortConfigRegisters)
    getTargetDaValue                         0x08001ca1   Thumb Code    72  user_adc.o(.text.getTargetDaValue)
    gpio_af_set                              0x08001ce9   Thumb Code   196  gd32e23x_gpio.o(.text.gpio_af_set)
    gpio_bit_reset                           0x08001dad   Thumb Code    16  gd32e23x_gpio.o(.text.gpio_bit_reset)
    gpio_bit_toggle                          0x08001dbd   Thumb Code    16  gd32e23x_gpio.o(.text.gpio_bit_toggle)
    gpio_config                              0x08001ed5   Thumb Code   124  user_i2cm.o(.text.gpio_config)
    gpio_input_bit_get                       0x08001f51   Thumb Code    42  gd32e23x_gpio.o(.text.gpio_input_bit_get)
    gpio_mode_set                            0x08001f7b   Thumb Code   144  gd32e23x_gpio.o(.text.gpio_mode_set)
    gpio_output_options_set                  0x0800200b   Thumb Code   142  gd32e23x_gpio.o(.text.gpio_output_options_set)
    i2c_ack_config                           0x08002099   Thumb Code    46  gd32e23x_i2c.o(.text.i2c_ack_config)
    i2c_ackpos_config                        0x080020c7   Thumb Code    46  gd32e23x_i2c.o(.text.i2c_ackpos_config)
    i2c_clock_config                         0x080020f5   Thumb Code   452  gd32e23x_i2c.o(.text.i2c_clock_config)
    i2c_config                               0x080022b9   Thumb Code    68  user_i2cm.o(.text.i2c_config)
    i2c_data_receive                         0x080022fd   Thumb Code    14  gd32e23x_i2c.o(.text.i2c_data_receive)
    i2c_data_transmit                        0x0800230b   Thumb Code    20  gd32e23x_i2c.o(.text.i2c_data_transmit)
    i2c_eeprom_init                          0x08002321   Thumb Code    12  user_i2cm.o(.text.i2c_eeprom_init)
    i2c_enable                               0x0800232d   Thumb Code    18  gd32e23x_i2c.o(.text.i2c_enable)
    i2c_flag_clear                           0x08002341   Thumb Code    64  gd32e23x_i2c.o(.text.i2c_flag_clear)
    i2c_flag_get                             0x08002381   Thumb Code    58  gd32e23x_i2c.o(.text.i2c_flag_get)
    i2c_init                                 0x080023bb   Thumb Code    16  user_i2cm.o(.text.i2c_init)
    i2c_master_addressing                    0x080023cb   Thumb Code    48  gd32e23x_i2c.o(.text.i2c_master_addressing)
    i2c_mode_addr_config                     0x080023fd   Thumb Code    68  gd32e23x_i2c.o(.text.i2c_mode_addr_config)
    i2c_start_on_bus                         0x08002441   Thumb Code    20  gd32e23x_i2c.o(.text.i2c_start_on_bus)
    i2c_stop_on_bus                          0x08002455   Thumb Code    20  gd32e23x_i2c.o(.text.i2c_stop_on_bus)
    interaction                              0x08002469   Thumb Code    48  user_menu.o(.text.interaction)
    keyPressCheck                            0x08002499   Thumb Code   220  user_key.o(.text.keyPressCheck)
    keyReleaseCheck                          0x08002575   Thumb Code   108  user_key.o(.text.keyReleaseCheck)
    keyReleased                              0x080025e1   Thumb Code    44  user_key.o(.text.keyReleased)
    lcd_clear                                0x0800260d   Thumb Code   136  gd32e230c_lcd_eval.o(.text.lcd_clear)
    lcd_draw_font_gbk16                      0x08002695   Thumb Code   772  gd32e230c_lcd_eval.o(.text.lcd_draw_font_gbk16)
    lcd_draw_font_gbk24                      0x08002999   Thumb Code   932  gd32e230c_lcd_eval.o(.text.lcd_draw_font_gbk24)
    lcd_draw_font_gbk32                      0x08002d3d   Thumb Code   396  gd32e230c_lcd_eval.o(.text.lcd_draw_font_gbk32)
    lcd_draw_number                          0x08002ec9   Thumb Code   252  gd32e230c_lcd_eval.o(.text.lcd_draw_number)
    lcd_draw_point                           0x08002fc5   Thumb Code    66  gd32e230c_lcd_eval.o(.text.lcd_draw_point)
    lcd_init                                 0x08003009   Thumb Code   568  gd32e230c_lcd_eval.o(.text.lcd_init)
    lcd_line_draw                            0x08003241   Thumb Code   388  gd32e230c_lcd_eval.o(.text.lcd_line_draw)
    lcd_set_region                           0x080033ed   Thumb Code   140  gd32e230c_lcd_eval.o(.text.lcd_set_region)
    lcd_set_xy                               0x08003479   Thumb Code    72  gd32e230c_lcd_eval.o(.text.lcd_set_xy)
    main                                     0x08003549   Thumb Code   228  main.o(.text.main)
    nvic_irq_enable                          0x0800362d   Thumb Code    52  gd32e23x_misc.o(.text.nvic_irq_enable)
    nvic_vector_table_set                    0x08003661   Thumb Code    32  gd32e23x_misc.o(.text.nvic_vector_table_set)
    pmu_to_sleepmode                         0x08003681   Thumb Code    44  gd32e23x_pmu.o(.text.pmu_to_sleepmode)
    powerDataInit                            0x080036ad   Thumb Code    40  user_main.o(.text.powerDataInit)
    pwmConfig                                0x080036d5   Thumb Code   224  user_pwm.o(.text.pwmConfig)
    pwmIoConfig                              0x080037b5   Thumb Code   100  user_pwm.o(.text.pwmIoConfig)
    rcu_adc_clock_config                     0x08003819   Thumb Code   396  gd32e23x_rcu.o(.text.rcu_adc_clock_config)
    rcu_clock_freq_get                       0x080039a5   Thumb Code   772  gd32e23x_rcu.o(.text.rcu_clock_freq_get)
    rcu_periph_clock_enable                  0x08003ca9   Thumb Code    36  gd32e23x_rcu.o(.text.rcu_periph_clock_enable)
    rcu_periph_reset_disable                 0x08003ccd   Thumb Code    36  gd32e23x_rcu.o(.text.rcu_periph_reset_disable)
    rcu_periph_reset_enable                  0x08003cf1   Thumb Code    40  gd32e23x_rcu.o(.text.rcu_periph_reset_enable)
    readEepromData                           0x08003d19   Thumb Code   476  user_i2cm.o(.text.readEepromData)
    resetEntrySleepTime                      0x08003ef5   Thumb Code    36  user_menu.o(.text.resetEntrySleepTime)
    setKeyPressedFlag                        0x08003f19   Thumb Code    44  user_key.o(.text.setKeyPressedFlag)
    setPowerKeyPressedFlag                   0x08003f45   Thumb Code    16  user_key.o(.text.setPowerKeyPressedFlag)
    setSwitchKeyPressedFlag                  0x08003f55   Thumb Code    16  user_key.o(.text.setSwitchKeyPressedFlag)
    singleExtiConfig                         0x08003f65   Thumb Code   126  user_exti.o(.text.singleExtiConfig)
    spi_enable                               0x0800408d   Thumb Code    18  gd32e23x_spi.o(.text.spi_enable)
    spi_init                                 0x080040a1   Thumb Code   308  gd32e23x_spi.o(.text.spi_init)
    startBattVoltDect                        0x0800421d   Thumb Code    10  user_adc.o(.text.startBattVoltDect)
    sysTickCallback                          0x08004229   Thumb Code   292  systick.o(.text.sysTickCallback)
    syscfg_exti_line_config                  0x0800434d   Thumb Code   184  gd32e23x_syscfg.o(.text.syscfg_exti_line_config)
    systick_config                           0x080044ed   Thumb Code    52  systick.o(.text.systick_config)
    test_display_init                        0x08004521   Thumb Code   188  user_main.o(.text.test_display_init)
    timer_auto_reload_shadow_enable          0x080045dd   Thumb Code    18  gd32e23x_timer.o(.text.timer_auto_reload_shadow_enable)
    timer_channel_output_config              0x080045f1   Thumb Code   756  gd32e23x_timer.o(.text.timer_channel_output_config)
    timer_channel_output_mode_config         0x080048e5   Thumb Code   162  gd32e23x_timer.o(.text.timer_channel_output_mode_config)
    timer_channel_output_pulse_value_config  0x08004989   Thumb Code    86  gd32e23x_timer.o(.text.timer_channel_output_pulse_value_config)
    timer_channel_output_shadow_config       0x080049e1   Thumb Code   162  gd32e23x_timer.o(.text.timer_channel_output_shadow_config)
    timer_deinit                             0x08004a85   Thumb Code   232  gd32e23x_timer.o(.text.timer_deinit)
    timer_enable                             0x08004b6d   Thumb Code    18  gd32e23x_timer.o(.text.timer_enable)
    timer_init                               0x08004b81   Thumb Code   252  gd32e23x_timer.o(.text.timer_init)
    timer_primary_output_config              0x08004c7d   Thumb Code    50  gd32e23x_timer.o(.text.timer_primary_output_config)
    tryBandgapConvert                        0x08004caf   Thumb Code    10  user_adc.o(.text.tryBandgapConvert)
    tryTemperatureConvert                    0x08004cb9   Thumb Code    10  user_adc.o(.text.tryTemperatureConvert)
    userAdcConfig                            0x08004cc5   Thumb Code   208  user_adc.o(.text.userAdcConfig)
    wakeupPreProcess                         0x08004d95   Thumb Code    36  user_menu.o(.text.wakeupPreProcess)
    writeEepromData                          0x08004db9   Thumb Code   382  user_i2cm.o(.text.writeEepromData)
    __0sprintf                               0x08004f39   Thumb Code    36  printfa.o(i.__0sprintf)
    __1sprintf                               0x08004f39   Thumb Code     0  printfa.o(i.__0sprintf)
    __2sprintf                               0x08004f39   Thumb Code     0  printfa.o(i.__0sprintf)
    __c89sprintf                             0x08004f39   Thumb Code     0  printfa.o(i.__0sprintf)
    sprintf                                  0x08004f39   Thumb Code     0  printfa.o(i.__0sprintf)
    __ARM_clz                                0x08004f61   Thumb Code    46  depilogue.o(i.__ARM_clz)
    __scatterload_copy                       0x08004f8f   Thumb Code    14  handlers.o(i.__scatterload_copy)
    __scatterload_null                       0x08004f9d   Thumb Code     2  handlers.o(i.__scatterload_null)
    __scatterload_zeroinit                   0x08004f9f   Thumb Code    14  handlers.o(i.__scatterload_zeroinit)
    free                                     0x08005865   Thumb Code    80  malloc.o(i.free)
    malloc                                   0x080058b9   Thumb Code    92  malloc.o(i.malloc)
    asc16                                    0x08005924   Data        1521  gd32e230c_lcd_eval.o(.rodata.asc16)
    asc24                                    0x08005f15   Data        4561  gd32e230c_lcd_eval.o(.rodata.asc24)
    asc32                                    0x080070e6   Data        5825  gd32e230c_lcd_eval.o(.rodata.asc32)
    hz16                                     0x080087a7   Data         315  gd32e230c_lcd_eval.o(.rodata.hz16)
    hz24                                     0x080088e2   Data         675  gd32e230c_lcd_eval.o(.rodata.hz24)
    Region$$Table$$Base                      0x08008bbc   Number         0  anon$$obj.o(Region$$Table)
    Region$$Table$$Limit                     0x08008bdc   Number         0  anon$$obj.o(Region$$Table)
    __microlib_freelist                      0x20000000   Data           4  mvars.o(.data)
    __microlib_freelist_initialised          0x20000004   Data           4  mvars.o(.data)
    SystemCoreClock                          0x20000008   Data           4  system_gd32e23x.o(.data.SystemCoreClock)
    powerKeyInfo                             0x2000000c   Data          32  user_key.o(.data.powerKeyInfo)
    switchKeyInfo                            0x2000002c   Data          32  user_key.o(.data.switchKeyInfo)
    GPIOA_Config                             0x20000050   Data          48  user_main.o(.bss.GPIOA_Config)
    GPIOB_Config                             0x20000080   Data          48  user_main.o(.bss.GPIOB_Config)
    GPIOC_Config                             0x200000b0   Data          48  user_main.o(.bss.GPIOC_Config)
    GPIOF_Config                             0x200000e0   Data          48  user_main.o(.bss.GPIOF_Config)
    TIME0_Config                             0x20000110   Data          88  user_main.o(.bss.TIME0_Config)
    TIME13_Config                            0x20000168   Data          88  user_main.o(.bss.TIME13_Config)
    TIME14_Config                            0x200001c0   Data          88  user_main.o(.bss.TIME14_Config)
    TIME15_Config                            0x20000218   Data          88  user_main.o(.bss.TIME15_Config)
    TIME16_Config                            0x20000270   Data          88  user_main.o(.bss.TIME16_Config)
    TIME2_Config                             0x200002c8   Data          88  user_main.o(.bss.TIME2_Config)
    TIME5_Config                             0x20000320   Data          88  user_main.o(.bss.TIME5_Config)
    ad_value                                 0x20000378   Data          60  user_adc.o(.bss.ad_value)
    adcConvertParams                         0x200003b4   Data         124  user_adc.o(.bss.adcConvertParams)
    displayParams                            0x20000434   Data          15  user_menu.o(.bss.displayParams)
    eeprom_address                           0x20000444   Data           2  user_i2cm.o(.bss.eeprom_address)
    fIsSystemOff                             0x20000446   Data           1  user_menu.o(.bss.fIsSystemOff)
    sysTimes                                 0x20000448   Data          18  user_main.o(.bss.sysTimes)
    testFlag                                 0x2000045a   Data           1  user_menu.o(.bss.testFlag)
    time0Ch0Value                            0x2000045c   Data           2  user_menu.o(.bss.time0Ch0Value)
    vBandgapVolt                             0x20000460   Data           4  user_menu.o(.bss.vBandgapVolt)
    vBattVolt                                0x20000464   Data           4  user_menu.o(.bss.vBattVolt)
    vIsKeyPressed                            0x20000468   Data           1  user_key.o(.bss.vIsKeyPressed)
    vKeyValue                                0x2000046b   Data           1  user_key.o(.bss.vKeyValue)
    vTemperatureVolt                         0x20000470   Data           4  user_menu.o(.bss.vTemperatureVolt)
    __heap_base                              0x20000478   Data           0  startup_gd32e23x.o(HEAP)
    __heap_limit                             0x20000878   Data           0  startup_gd32e23x.o(HEAP)
    __initial_sp                             0x20000c78   Data           0  startup_gd32e23x.o(STACK)



==============================================================================

Memory Map of the image

  Image Entry point : 0x080000cd

  Load Region LR_IROM1 (Base: 0x08000000, Size: 0x00008c30, Max: 0x00010000, ABSOLUTE)

    Execution Region ER_IROM1 (Exec base: 0x08000000, Load base: 0x08000000, Size: 0x00008bdc, Max: 0x00010000, ABSOLUTE)

    Exec Addr    Load Addr    Size         Type   Attr      Idx    E Section Name        Object

    0x08000000   0x08000000   0x000000cc   Data   RO         1555    RESET               startup_gd32e23x.o
    0x080000cc   0x080000cc   0x00000000   Code   RO         1562  * .ARM.Collect$$$$00000000  mc_p.l(entry.o)
    0x080000cc   0x080000cc   0x00000004   Code   RO         1633    .ARM.Collect$$$$00000001  mc_p.l(entry2.o)
    0x080000d0   0x080000d0   0x00000004   Code   RO         1636    .ARM.Collect$$$$00000004  mc_p.l(entry5.o)
    0x080000d4   0x080000d4   0x00000000   Code   RO         1638    .ARM.Collect$$$$00000008  mc_p.l(entry7b.o)
    0x080000d4   0x080000d4   0x00000000   Code   RO         1640    .ARM.Collect$$$$0000000A  mc_p.l(entry8b.o)
    0x080000d4   0x080000d4   0x00000008   Code   RO         1641    .ARM.Collect$$$$0000000B  mc_p.l(entry9a.o)
    0x080000dc   0x080000dc   0x00000000   Code   RO         1643    .ARM.Collect$$$$0000000D  mc_p.l(entry10a.o)
    0x080000dc   0x080000dc   0x00000000   Code   RO         1645    .ARM.Collect$$$$0000000F  mc_p.l(entry11a.o)
    0x080000dc   0x080000dc   0x00000004   Code   RO         1634    .ARM.Collect$$$$00002712  mc_p.l(entry2.o)
    0x080000e0   0x080000e0   0x0000001c   Code   RO         1556    .text               startup_gd32e23x.o
    0x080000fc   0x080000fc   0x00000024   Code   RO         1565    .text               mc_p.l(memcpya.o)
    0x08000120   0x08000120   0x000000d0   Code   RO         1625    .text               mf_p.l(dmul.o)
    0x080001f0   0x080001f0   0x000000f0   Code   RO         1627    .text               mf_p.l(ddiv.o)
    0x080002e0   0x080002e0   0x00000028   Code   RO         1629    .text               mf_p.l(dflti.o)
    0x08000308   0x08000308   0x00000038   Code   RO         1631    .text               mf_p.l(d2f.o)
    0x08000340   0x08000340   0x0000002c   Code   RO         1652    .text               mc_p.l(uidiv.o)
    0x0800036c   0x0800036c   0x00000060   Code   RO         1654    .text               mc_p.l(uldiv.o)
    0x080003cc   0x080003cc   0x00000000   Code   RO         1658    .text               mc_p.l(iusefp.o)
    0x080003cc   0x080003cc   0x00000082   Code   RO         1659    .text               mf_p.l(fepilogue.o)
    0x0800044e   0x0800044e   0x000000be   Code   RO         1661    .text               mf_p.l(depilogue.o)
    0x0800050c   0x0800050c   0x00000164   Code   RO         1665    .text               mf_p.l(dadd.o)
    0x08000670   0x08000670   0x00000040   Code   RO         1667    .text               mf_p.l(dfixul.o)
    0x080006b0   0x080006b0   0x00000028   Code   RO         1669    .text               mf_p.l(cdrcmple.o)
    0x080006d8   0x080006d8   0x00000024   Code   RO         1671    .text               mc_p.l(init.o)
    0x080006fc   0x080006fc   0x00000020   Code   RO         1674    .text               mc_p.l(llshl.o)
    0x0800071c   0x0800071c   0x00000022   Code   RO         1676    .text               mc_p.l(llushr.o)
    0x0800073e   0x0800073e   0x00000026   Code   RO         1678    .text               mc_p.l(llsshr.o)
    0x08000764   0x08000764   0x00000080   Code   RO          234    .text.DMA0_IRQ_CallBack  user_adc.o
    0x080007e4   0x080007e4   0x00000028   Code   RO           38    .text.DMA_Channel0_IRQHandler  gd32e23x_it.o
    0x0800080c   0x0800080c   0x00000020   Code   RO           30    .text.EXTI0_1_IRQHandler  gd32e23x_it.o
    0x0800082c   0x0800082c   0x00000008   Code   RO           32    .text.EXTI2_3_IRQHandler  gd32e23x_it.o
    0x08000834   0x08000834   0x00000024   Code   RO           34    .text.EXTI4_15_IRQHandler  gd32e23x_it.o
    0x08000858   0x08000858   0x00000012   Code   RO           12    .text.HardFault_Handler  gd32e23x_it.o
    0x0800086a   0x0800086a   0x00000002   PAD
    0x0800086c   0x0800086c   0x0000007c   Code   RO          259    .text.LoadExceptionsFromFlash  user_internalflash.o
    0x080008e8   0x080008e8   0x00000002   Code   RO           10    .text.NMI_Handler   gd32e23x_it.o
    0x080008ea   0x080008ea   0x00000002   Code   RO           26    .text.PendSV_Handler  gd32e23x_it.o
    0x080008ec   0x080008ec   0x00000002   Code   RO           22    .text.SVC_Handler   gd32e23x_it.o
    0x080008ee   0x080008ee   0x00000002   PAD
    0x080008f0   0x080008f0   0x00000078   Code   RO          257    .text.StoreExceptions2Flash  user_internalflash.o
    0x08000968   0x08000968   0x00000054   Code   RO           49    .text.SysTick_Config  systick.o
    0x080009bc   0x080009bc   0x00000008   Code   RO           28    .text.SysTick_Handler  gd32e23x_it.o
    0x080009c4   0x080009c4   0x000000ac   Code   RO          317    .text.SystemInit    system_gd32e23x.o
    0x08000a70   0x08000a70   0x00000034   Code   RO          788    .text.__NVIC_EnableIRQ  gd32e23x_misc.o
    0x08000aa4   0x08000aa4   0x00000080   Code   RO           51    .text.__NVIC_SetPriority  systick.o
    0x08000b24   0x08000b24   0x00000088   Code   RO          786    .text.__NVIC_SetPriority  gd32e23x_misc.o
    0x08000bac   0x08000bac   0x00000014   Code   RO           14    .text.__NVIC_SystemReset  gd32e23x_it.o
    0x08000bc0   0x08000bc0   0x0000001c   Code   RO           59    .text.__NVIC_SystemReset  systick.o
    0x08000bdc   0x08000bdc   0x00000054   Code   RO          216    .text.adcInit       user_adc.o
    0x08000c30   0x08000c30   0x00000038   Code   RO          340    .text.adc_calibration_enable  gd32e23x_adc.o
    0x08000c68   0x08000c68   0x00000068   Code   RO          356    .text.adc_channel_length_config  gd32e23x_adc.o
    0x08000cd0   0x08000cd0   0x0000002c   Code   RO          354    .text.adc_data_alignment_config  gd32e23x_adc.o
    0x08000cfc   0x08000cfc   0x0000000c   Code   RO          338    .text.adc_disable   gd32e23x_adc.o
    0x08000d08   0x08000d08   0x00000010   Code   RO          342    .text.adc_dma_mode_enable  gd32e23x_adc.o
    0x08000d18   0x08000d18   0x0000001c   Code   RO          336    .text.adc_enable    gd32e23x_adc.o
    0x08000d34   0x08000d34   0x00000088   Code   RO          364    .text.adc_external_trigger_config  gd32e23x_adc.o
    0x08000dbc   0x08000dbc   0x00000050   Code   RO          366    .text.adc_external_trigger_source_config  gd32e23x_adc.o
    0x08000e0c   0x08000e0c   0x0000015c   Code   RO          358    .text.adc_regular_channel_config  gd32e23x_adc.o
    0x08000f68   0x08000f68   0x0000001c   Code   RO          394    .text.adc_resolution_config  gd32e23x_adc.o
    0x08000f84   0x08000f84   0x00000044   Code   RO          368    .text.adc_software_trigger_enable  gd32e23x_adc.o
    0x08000fc8   0x08000fc8   0x000000b8   Code   RO          352    .text.adc_special_function_config  gd32e23x_adc.o
    0x08001080   0x08001080   0x00000010   Code   RO          348    .text.adc_tempsensor_vrefint_disable  gd32e23x_adc.o
    0x08001090   0x08001090   0x00000014   Code   RO          346    .text.adc_tempsensor_vrefint_enable  gd32e23x_adc.o
    0x080010a4   0x080010a4   0x00000058   Code   RO          222    .text.checkAdcConvertRetry  user_adc.o
    0x080010fc   0x080010fc   0x00000018   Code   RO          261    .text.clearExceptions  user_internalflash.o
    0x08001114   0x08001114   0x00000018   Code   RO           55    .text.delay_decrement  systick.o
    0x0800112c   0x0800112c   0x00000020   Code   RO           53    .text.delay_ms      systick.o
    0x0800114c   0x0800114c   0x00000020   Code   RO          492    .text.dma_channel_disable  gd32e23x_dma.o
    0x0800116c   0x0800116c   0x00000020   Code   RO          502    .text.dma_channel_enable  gd32e23x_dma.o
    0x0800118c   0x0800118c   0x00000020   Code   RO          494    .text.dma_circulation_enable  gd32e23x_dma.o
    0x080011ac   0x080011ac   0x0000009c   Code   RO          214    .text.dma_config    user_adc.o
    0x08001248   0x08001248   0x00000058   Code   RO          486    .text.dma_deinit    gd32e23x_dma.o
    0x080012a0   0x080012a0   0x0000011c   Code   RO          490    .text.dma_init      gd32e23x_dma.o
    0x080013bc   0x080013bc   0x00000020   Code   RO          536    .text.dma_interrupt_enable  gd32e23x_dma.o
    0x080013dc   0x080013dc   0x00000024   Code   RO          534    .text.dma_interrupt_flag_clear  gd32e23x_dma.o
    0x08001400   0x08001400   0x000000c4   Code   RO          532    .text.dma_interrupt_flag_get  gd32e23x_dma.o
    0x080014c4   0x080014c4   0x00000024   Code   RO          500    .text.dma_memory_to_memory_disable  gd32e23x_dma.o
    0x080014e8   0x080014e8   0x000000ec   Code   RO          288    .text.eeprom_page_write  user_i2cm.o
    0x080015d4   0x080015d4   0x000000b4   Code   RO          290    .text.eeprom_wait_standby_state  user_i2cm.o
    0x08001688   0x08001688   0x00000030   Code   RO          103    .text.entrySleep    user_menu.o
    0x080016b8   0x080016b8   0x00000048   Code   RO          263    .text.exceptionsCheck  user_internalflash.o
    0x08001700   0x08001700   0x00000068   Code   RO          132    .text.extiConfig    user_exti.o
    0x08001768   0x08001768   0x000000d8   Code   RO          549    .text.exti_init     gd32e23x_exti.o
    0x08001840   0x08001840   0x00000010   Code   RO          565    .text.exti_interrupt_flag_clear  gd32e23x_exti.o
    0x08001850   0x08001850   0x00000048   Code   RO          563    .text.exti_interrupt_flag_get  gd32e23x_exti.o
    0x08001898   0x08001898   0x00000002   Code   RO          107    .text.fucnPer100ms  user_menu.o
    0x0800189a   0x0800189a   0x00000002   PAD
    0x0800189c   0x0800189c   0x00000020   Code   RO          105    .text.fucnPer1s     user_menu.o
    0x080018bc   0x080018bc   0x00000010   Code   RO          101    .text.fucnPer500ms  user_menu.o
    0x080018cc   0x080018cc   0x00000054   Code   RO          109    .text.fucnPer50ms   user_menu.o
    0x08001920   0x08001920   0x00000134   Code   RO          111    .text.fucnPer5ms    user_menu.o
    0x08001a54   0x08001a54   0x0000002c   Code   RO          153    .text.funcKeyTask   user_key.o
    0x08001a80   0x08001a80   0x0000009c   Code   RO           75    .text.func_user_main  user_main.o
    0x08001b1c   0x08001b1c   0x0000006c   Code   RO          228    .text.getAdResultVolt  user_adc.o
    0x08001b88   0x08001b88   0x00000032   Code   RO         1536    .text.getNumLen     gd32e230c_lcd_eval.o
    0x08001bba   0x08001bba   0x00000002   PAD
    0x08001bbc   0x08001bbc   0x000000e4   Code   RO           69    .text.getPortConfigRegisters  user_main.o
    0x08001ca0   0x08001ca0   0x00000048   Code   RO          232    .text.getTargetDaValue  user_adc.o
    0x08001ce8   0x08001ce8   0x000000c4   Code   RO          692    .text.gpio_af_set   gd32e23x_gpio.o
    0x08001dac   0x08001dac   0x00000010   Code   RO          678    .text.gpio_bit_reset  gd32e23x_gpio.o
    0x08001dbc   0x08001dbc   0x00000010   Code   RO          696    .text.gpio_bit_toggle  gd32e23x_gpio.o
    0x08001dcc   0x08001dcc   0x00000108   Code   RO          220    .text.gpio_config   user_adc.o
    0x08001ed4   0x08001ed4   0x0000007c   Code   RO          280    .text.gpio_config   user_i2cm.o
    0x08001f50   0x08001f50   0x0000002a   Code   RO          684    .text.gpio_input_bit_get  gd32e23x_gpio.o
    0x08001f7a   0x08001f7a   0x00000090   Code   RO          672    .text.gpio_mode_set  gd32e23x_gpio.o
    0x0800200a   0x0800200a   0x0000008e   Code   RO          674    .text.gpio_output_options_set  gd32e23x_gpio.o
    0x08002098   0x08002098   0x0000002e   Code   RO          715    .text.i2c_ack_config  gd32e23x_i2c.o
    0x080020c6   0x080020c6   0x0000002e   Code   RO          717    .text.i2c_ackpos_config  gd32e23x_i2c.o
    0x080020f4   0x080020f4   0x000001c4   Code   RO          709    .text.i2c_clock_config  gd32e23x_i2c.o
    0x080022b8   0x080022b8   0x00000044   Code   RO          282    .text.i2c_config    user_i2cm.o
    0x080022fc   0x080022fc   0x0000000e   Code   RO          735    .text.i2c_data_receive  gd32e23x_i2c.o
    0x0800230a   0x0800230a   0x00000014   Code   RO          733    .text.i2c_data_transmit  gd32e23x_i2c.o
    0x0800231e   0x0800231e   0x00000002   PAD
    0x08002320   0x08002320   0x0000000c   Code   RO          284    .text.i2c_eeprom_init  user_i2cm.o
    0x0800232c   0x0800232c   0x00000012   Code   RO          725    .text.i2c_enable    gd32e23x_i2c.o
    0x0800233e   0x0800233e   0x00000002   PAD
    0x08002340   0x08002340   0x00000040   Code   RO          767    .text.i2c_flag_clear  gd32e23x_i2c.o
    0x08002380   0x08002380   0x0000003a   Code   RO          765    .text.i2c_flag_get  gd32e23x_i2c.o
    0x080023ba   0x080023ba   0x00000010   Code   RO          298    .text.i2c_init      user_i2cm.o
    0x080023ca   0x080023ca   0x00000030   Code   RO          719    .text.i2c_master_addressing  gd32e23x_i2c.o
    0x080023fa   0x080023fa   0x00000002   PAD
    0x080023fc   0x080023fc   0x00000044   Code   RO          711    .text.i2c_mode_addr_config  gd32e23x_i2c.o
    0x08002440   0x08002440   0x00000014   Code   RO          729    .text.i2c_start_on_bus  gd32e23x_i2c.o
    0x08002454   0x08002454   0x00000014   Code   RO          731    .text.i2c_stop_on_bus  gd32e23x_i2c.o
    0x08002468   0x08002468   0x00000030   Code   RO          113    .text.interaction   user_menu.o
    0x08002498   0x08002498   0x000000dc   Code   RO          147    .text.keyPressCheck  user_key.o
    0x08002574   0x08002574   0x0000006c   Code   RO          145    .text.keyReleaseCheck  user_key.o
    0x080025e0   0x080025e0   0x0000002c   Code   RO          141    .text.keyReleased   user_key.o
    0x0800260c   0x0800260c   0x00000088   Code   RO         1506    .text.lcd_clear     gd32e230c_lcd_eval.o
    0x08002694   0x08002694   0x00000304   Code   RO         1528    .text.lcd_draw_font_gbk16  gd32e230c_lcd_eval.o
    0x08002998   0x08002998   0x000003a4   Code   RO         1530    .text.lcd_draw_font_gbk24  gd32e230c_lcd_eval.o
    0x08002d3c   0x08002d3c   0x0000018c   Code   RO         1534    .text.lcd_draw_font_gbk32  gd32e230c_lcd_eval.o
    0x08002ec8   0x08002ec8   0x000000fc   Code   RO         1538    .text.lcd_draw_number  gd32e230c_lcd_eval.o
    0x08002fc4   0x08002fc4   0x00000042   Code   RO         1504    .text.lcd_draw_point  gd32e230c_lcd_eval.o
    0x08003006   0x08003006   0x00000002   PAD
    0x08003008   0x08003008   0x00000238   Code   RO         1488    .text.lcd_init      gd32e230c_lcd_eval.o
    0x08003240   0x08003240   0x00000184   Code   RO         1514    .text.lcd_line_draw  gd32e230c_lcd_eval.o
    0x080033c4   0x080033c4   0x00000028   Code   RO         1492    .text.lcd_reset     gd32e230c_lcd_eval.o
    0x080033ec   0x080033ec   0x0000008c   Code   RO         1498    .text.lcd_set_region  gd32e230c_lcd_eval.o
    0x08003478   0x08003478   0x00000048   Code   RO         1502    .text.lcd_set_xy    gd32e230c_lcd_eval.o
    0x080034c0   0x080034c0   0x0000002c   Code   RO         1496    .text.lcd_write_data  gd32e230c_lcd_eval.o
    0x080034ec   0x080034ec   0x0000002a   Code   RO         1500    .text.lcd_write_data_16bit  gd32e230c_lcd_eval.o
    0x08003516   0x08003516   0x00000002   PAD
    0x08003518   0x08003518   0x00000030   Code   RO         1494    .text.lcd_write_index  gd32e230c_lcd_eval.o
    0x08003548   0x08003548   0x000000e4   Code   RO            2    .text.main          main.o
    0x0800362c   0x0800362c   0x00000034   Code   RO          784    .text.nvic_irq_enable  gd32e23x_misc.o
    0x08003660   0x08003660   0x00000020   Code   RO          798    .text.nvic_vector_table_set  gd32e23x_misc.o
    0x08003680   0x08003680   0x0000002c   Code   RO          821    .text.pmu_to_sleepmode  gd32e23x_pmu.o
    0x080036ac   0x080036ac   0x00000028   Code   RO           73    .text.powerDataInit  user_main.o
    0x080036d4   0x080036d4   0x000000e0   Code   RO          205    .text.pwmConfig     user_pwm.o
    0x080037b4   0x080037b4   0x00000064   Code   RO          203    .text.pwmIoConfig   user_pwm.o
    0x08003818   0x08003818   0x0000018c   Code   RO          875    .text.rcu_adc_clock_config  gd32e23x_rcu.o
    0x080039a4   0x080039a4   0x00000304   Code   RO          923    .text.rcu_clock_freq_get  gd32e23x_rcu.o
    0x08003ca8   0x08003ca8   0x00000024   Code   RO          849    .text.rcu_periph_clock_enable  gd32e23x_rcu.o
    0x08003ccc   0x08003ccc   0x00000024   Code   RO          859    .text.rcu_periph_reset_disable  gd32e23x_rcu.o
    0x08003cf0   0x08003cf0   0x00000028   Code   RO          857    .text.rcu_periph_reset_enable  gd32e23x_rcu.o
    0x08003d18   0x08003d18   0x000001dc   Code   RO          294    .text.readEepromData  user_i2cm.o
    0x08003ef4   0x08003ef4   0x00000024   Code   RO           97    .text.resetEntrySleepTime  user_menu.o
    0x08003f18   0x08003f18   0x0000002c   Code   RO          143    .text.setKeyPressedFlag  user_key.o
    0x08003f44   0x08003f44   0x00000010   Code   RO          155    .text.setPowerKeyPressedFlag  user_key.o
    0x08003f54   0x08003f54   0x00000010   Code   RO          157    .text.setSwitchKeyPressedFlag  user_key.o
    0x08003f64   0x08003f64   0x0000007e   Code   RO          130    .text.singleExtiConfig  user_exti.o
    0x08003fe2   0x08003fe2   0x00000002   PAD
    0x08003fe4   0x08003fe4   0x000000a8   Code   RO         1490    .text.spi1_init     gd32e230c_lcd_eval.o
    0x0800408c   0x0800408c   0x00000012   Code   RO         1009    .text.spi_enable    gd32e23x_spi.o
    0x0800409e   0x0800409e   0x00000002   PAD
    0x080040a0   0x080040a0   0x00000134   Code   RO         1007    .text.spi_init      gd32e23x_spi.o
    0x080041d4   0x080041d4   0x00000048   Code   RO         1508    .text.spi_write_byte  gd32e230c_lcd_eval.o
    0x0800421c   0x0800421c   0x0000000a   Code   RO          224    .text.startBattVoltDect  user_adc.o
    0x08004226   0x08004226   0x00000002   PAD
    0x08004228   0x08004228   0x00000124   Code   RO           57    .text.sysTickCallback  systick.o
    0x0800434c   0x0800434c   0x000000b8   Code   RO         1108    .text.syscfg_exti_line_config  gd32e23x_syscfg.o
    0x08004404   0x08004404   0x000000e0   Code   RO          323    .text.system_clock_72m_irc8m  system_gd32e23x.o
    0x080044e4   0x080044e4   0x00000008   Code   RO          319    .text.system_clock_config  system_gd32e23x.o
    0x080044ec   0x080044ec   0x00000034   Code   RO           47    .text.systick_config  systick.o
    0x08004520   0x08004520   0x000000bc   Code   RO           71    .text.test_display_init  user_main.o
    0x080045dc   0x080045dc   0x00000012   Code   RO         1135    .text.timer_auto_reload_shadow_enable  gd32e23x_timer.o
    0x080045ee   0x080045ee   0x00000002   PAD
    0x080045f0   0x080045f0   0x000002f4   Code   RO         1209    .text.timer_channel_output_config  gd32e23x_timer.o
    0x080048e4   0x080048e4   0x000000a2   Code   RO         1211    .text.timer_channel_output_mode_config  gd32e23x_timer.o
    0x08004986   0x08004986   0x00000002   PAD
    0x08004988   0x08004988   0x00000056   Code   RO         1213    .text.timer_channel_output_pulse_value_config  gd32e23x_timer.o
    0x080049de   0x080049de   0x00000002   PAD
    0x080049e0   0x080049e0   0x000000a2   Code   RO         1215    .text.timer_channel_output_shadow_config  gd32e23x_timer.o
    0x08004a82   0x08004a82   0x00000002   PAD
    0x08004a84   0x08004a84   0x000000e8   Code   RO         1125    .text.timer_deinit  gd32e23x_timer.o
    0x08004b6c   0x08004b6c   0x00000012   Code   RO         1131    .text.timer_enable  gd32e23x_timer.o
    0x08004b7e   0x08004b7e   0x00000002   PAD
    0x08004b80   0x08004b80   0x000000fc   Code   RO         1129    .text.timer_init    gd32e23x_timer.o
    0x08004c7c   0x08004c7c   0x00000032   Code   RO         1201    .text.timer_primary_output_config  gd32e23x_timer.o
    0x08004cae   0x08004cae   0x0000000a   Code   RO          230    .text.tryBandgapConvert  user_adc.o
    0x08004cb8   0x08004cb8   0x0000000a   Code   RO          226    .text.tryTemperatureConvert  user_adc.o
    0x08004cc2   0x08004cc2   0x00000002   PAD
    0x08004cc4   0x08004cc4   0x000000d0   Code   RO          218    .text.userAdcConfig  user_adc.o
    0x08004d94   0x08004d94   0x00000024   Code   RO           99    .text.wakeupPreProcess  user_menu.o
    0x08004db8   0x08004db8   0x0000017e   Code   RO          286    .text.writeEepromData  user_i2cm.o
    0x08004f36   0x08004f36   0x00000002   PAD
    0x08004f38   0x08004f38   0x00000028   Code   RO         1572    i.__0sprintf        mc_p.l(printfa.o)
    0x08004f60   0x08004f60   0x0000002e   Code   RO         1663    i.__ARM_clz         mf_p.l(depilogue.o)
    0x08004f8e   0x08004f8e   0x0000000e   Code   RO         1683    i.__scatterload_copy  mc_p.l(handlers.o)
    0x08004f9c   0x08004f9c   0x00000002   Code   RO         1684    i.__scatterload_null  mc_p.l(handlers.o)
    0x08004f9e   0x08004f9e   0x0000000e   Code   RO         1685    i.__scatterload_zeroinit  mc_p.l(handlers.o)
    0x08004fac   0x08004fac   0x00000174   Code   RO         1577    i._fp_digits        mc_p.l(printfa.o)
    0x08005120   0x08005120   0x000006ec   Code   RO         1578    i._printf_core      mc_p.l(printfa.o)
    0x0800580c   0x0800580c   0x00000020   Code   RO         1579    i._printf_post_padding  mc_p.l(printfa.o)
    0x0800582c   0x0800582c   0x0000002c   Code   RO         1580    i._printf_pre_padding  mc_p.l(printfa.o)
    0x08005858   0x08005858   0x0000000a   Code   RO         1582    i._sputc            mc_p.l(printfa.o)
    0x08005862   0x08005862   0x00000002   PAD
    0x08005864   0x08005864   0x00000054   Code   RO         1597    i.free              mc_p.l(malloc.o)
    0x080058b8   0x080058b8   0x0000006c   Code   RO         1598    i.malloc            mc_p.l(malloc.o)
    0x08005924   0x08005924   0x000005f1   Data   RO         1540    .rodata.asc16       gd32e230c_lcd_eval.o
    0x08005f15   0x08005f15   0x000011d1   Data   RO         1541    .rodata.asc24       gd32e230c_lcd_eval.o
    0x080070e6   0x080070e6   0x000016c1   Data   RO         1542    .rodata.asc32       gd32e230c_lcd_eval.o
    0x080087a7   0x080087a7   0x0000013b   Data   RO         1544    .rodata.hz16        gd32e230c_lcd_eval.o
    0x080088e2   0x080088e2   0x000002a3   Data   RO         1545    .rodata.hz24        gd32e230c_lcd_eval.o
    0x08008b85   0x08008b85   0x00000034   Data   RO           89    .rodata.str1.1      user_main.o
    0x08008bb9   0x08008bb9   0x00000003   Data   RO         1546    .rodata.str1.1      gd32e230c_lcd_eval.o
    0x08008bbc   0x08008bbc   0x00000020   Data   RO         1682    Region$$Table       anon$$obj.o


    Execution Region RW_IRAM1 (Exec base: 0x20000000, Load base: 0x08008be0, Size: 0x00000c78, Max: 0x00002000, ABSOLUTE)

    Exec Addr    Load Addr    Size         Type   Attr      Idx    E Section Name        Object

    0x20000000   0x08008be0   0x00000004   Data   RW         1656    .data               mc_p.l(mvars.o)
    0x20000004   0x08008be4   0x00000004   Data   RW         1657    .data               mc_p.l(mvars.o)
    0x20000008   0x08008be8   0x00000004   Data   RW          325    .data.SystemCoreClock  system_gd32e23x.o
    0x2000000c   0x08008bec   0x00000020   Data   RW          164    .data.powerKeyInfo  user_key.o
    0x2000002c   0x08008c0c   0x00000020   Data   RW          167    .data.switchKeyInfo  user_key.o
    0x2000004c   0x08008c2c   0x00000004   PAD
    0x20000050        -       0x00000030   Zero   RW           78    .bss.GPIOA_Config   user_main.o
    0x20000080        -       0x00000030   Zero   RW           79    .bss.GPIOB_Config   user_main.o
    0x200000b0        -       0x00000030   Zero   RW           80    .bss.GPIOC_Config   user_main.o
    0x200000e0        -       0x00000030   Zero   RW           81    .bss.GPIOF_Config   user_main.o
    0x20000110        -       0x00000058   Zero   RW           82    .bss.TIME0_Config   user_main.o
    0x20000168        -       0x00000058   Zero   RW           85    .bss.TIME13_Config  user_main.o
    0x200001c0        -       0x00000058   Zero   RW           86    .bss.TIME14_Config  user_main.o
    0x20000218        -       0x00000058   Zero   RW           87    .bss.TIME15_Config  user_main.o
    0x20000270        -       0x00000058   Zero   RW           88    .bss.TIME16_Config  user_main.o
    0x200002c8        -       0x00000058   Zero   RW           83    .bss.TIME2_Config   user_main.o
    0x20000320        -       0x00000058   Zero   RW           84    .bss.TIME5_Config   user_main.o
    0x20000378        -       0x0000003c   Zero   RW          237    .bss.ad_value       user_adc.o
    0x200003b4        -       0x0000007c   Zero   RW          236    .bss.adcConvertParams  user_adc.o
    0x20000430        -       0x00000004   Zero   RW           61    .bss.delay          systick.o
    0x20000434        -       0x0000000f   Zero   RW          116    .bss.displayParams  user_menu.o
    0x20000443   0x08008c2c   0x00000001   PAD
    0x20000444        -       0x00000002   Zero   RW          301    .bss.eeprom_address  user_i2cm.o
    0x20000446        -       0x00000001   Zero   RW          115    .bss.fIsSystemOff   user_menu.o
    0x20000447   0x08008c2c   0x00000001   PAD
    0x20000448        -       0x00000012   Zero   RW           77    .bss.sysTimes       user_main.o
    0x2000045a        -       0x00000001   Zero   RW          119    .bss.testFlag       user_menu.o
    0x2000045b   0x08008c2c   0x00000001   PAD
    0x2000045c        -       0x00000002   Zero   RW          118    .bss.time0Ch0Value  user_menu.o
    0x2000045e   0x08008c2c   0x00000002   PAD
    0x20000460        -       0x00000004   Zero   RW          122    .bss.vBandgapVolt   user_menu.o
    0x20000464        -       0x00000004   Zero   RW          120    .bss.vBattVolt      user_menu.o
    0x20000468        -       0x00000001   Zero   RW          161    .bss.vIsKeyPressed  user_key.o
    0x20000469        -       0x00000001   Zero   RW          162    .bss.vIsSetKeyGod   user_key.o
    0x2000046a        -       0x00000001   Zero   RW          165    .bss.vIsSwitchKeyGod  user_key.o
    0x2000046b        -       0x00000001   Zero   RW          168    .bss.vKeyValue      user_key.o
    0x2000046c        -       0x00000002   Zero   RW          163    .bss.vSetKeyTimer   user_key.o
    0x2000046e        -       0x00000002   Zero   RW          166    .bss.vSwitchKeyTimer  user_key.o
    0x20000470        -       0x00000004   Zero   RW          121    .bss.vTemperatureVolt  user_menu.o
    0x20000474   0x08008c2c   0x00000004   PAD
    0x20000478        -       0x00000400   Zero   RW         1554    HEAP                startup_gd32e23x.o
    0x20000878        -       0x00000400   Zero   RW         1553    STACK               startup_gd32e23x.o


==============================================================================

Image component sizes


      Code (inc. data)   RO Data    RW Data    ZI Data      Debug   Object Name

      4186         92      12900          0          0      12173   gd32e230c_lcd_eval.o
      1140         40          0          0          0       7939   gd32e23x_adc.o
       768         24          0          0          0       5833   gd32e23x_dma.o
       304         20          0          0          0       3307   gd32e23x_exti.o
       556          0          0          0          0       4359   gd32e23x_gpio.o
       874         20          0          0          0       8858   gd32e23x_i2c.o
       168          0          0          0          0       3193   gd32e23x_it.o
       272         20          0          0          0       4033   gd32e23x_misc.o
        44          4          0          0          0       3715   gd32e23x_pmu.o
      1280         52          0          0          0      11616   gd32e23x_rcu.o
       326          8          0          0          0       9152   gd32e23x_spi.o
       184         16          0          0          0       2897   gd32e23x_syscfg.o
      1736         72          0          0          0      17220   gd32e23x_timer.o
       228         16          0          0          0       1160   main.o
        28          8        204          0       2048        776   startup_gd32e23x.o
       404         56          0          4          0       1920   system_gd32e23x.o
       640         80          0          0          4       3433   systick.o
      1138         48          0          0        184       5433   user_adc.o
       230         16          0          0          0       2920   user_exti.o
      1494         92          0          0          2       4715   user_i2cm.o
       340         20          0          0          0       3610   user_internalflash.o
       492         36          0         64          8       3788   user_key.o
       612        120         52          0        826       2804   user_main.o
       610         48          0          0         31       3257   user_menu.o
       324         12          0          0          0       2205   user_pwm.o

    ----------------------------------------------------------------------
     18416        920      13188         68       3116     130316   Object Totals
         0          0         32          0          0          0   (incl. Generated)
        38          0          0          0         13          0   (incl. Padding)

    ----------------------------------------------------------------------

      Code (inc. data)   RO Data    RW Data    ZI Data      Debug   Library Member Name

         0          0          0          0          0          0   entry.o
         0          0          0          0          0          0   entry10a.o
         0          0          0          0          0          0   entry11a.o
         8          4          0          0          0          0   entry2.o
         4          0          0          0          0          0   entry5.o
         0          0          0          0          0          0   entry7b.o
         0          0          0          0          0          0   entry8b.o
         8          4          0          0          0          0   entry9a.o
        30          0          0          0          0          0   handlers.o
        36          8          0          0          0         68   init.o
         0          0          0          0          0          0   iusefp.o
        32          0          0          0          0         68   llshl.o
        38          0          0          0          0         68   llsshr.o
        34          0          0          0          0         68   llushr.o
       192         20          0          0          0        144   malloc.o
        36          0          0          0          0         60   memcpya.o
         0          0          0          8          0          0   mvars.o
      2270         94          0          0          0        472   printfa.o
        44          0          0          0          0         72   uidiv.o
        96          0          0          0          0         84   uldiv.o
        40          2          0          0          0         68   cdrcmple.o
        56          0          0          0          0         68   d2f.o
       356          4          0          0          0        140   dadd.o
       240          6          0          0          0         84   ddiv.o
       236          0          0          0          0        216   depilogue.o
        64         10          0          0          0         68   dfixul.o
        40          6          0          0          0         68   dflti.o
       208          6          0          0          0         88   dmul.o
       130          0          0          0          0        144   fepilogue.o

    ----------------------------------------------------------------------
      4200        164          0          8          0       2048   Library Totals
         2          0          0          0          0          0   (incl. Padding)

    ----------------------------------------------------------------------

      Code (inc. data)   RO Data    RW Data    ZI Data      Debug   Library Name

      2828        130          0          8          0       1104   mc_p.l
      1370         34          0          0          0        944   mf_p.l

    ----------------------------------------------------------------------
      4200        164          0          8          0       2048   Library Totals

    ----------------------------------------------------------------------

==============================================================================


      Code (inc. data)   RO Data    RW Data    ZI Data      Debug   

     22616       1084      13188         76       3116     131128   Grand Totals
     22616       1084      13188         76       3116     131128   ELF Image Totals
     22616       1084      13188         76          0          0   ROM Totals

==============================================================================

    Total RO  Size (Code + RO Data)                35804 (  34.96kB)
    Total RW  Size (RW Data + ZI Data)              3192 (   3.12kB)
    Total ROM Size (Code + RO Data + RW Data)      35880 (  35.04kB)

==============================================================================

